Component: ARM Compiler 6.15 Tool: armlink [5dd79300]

==============================================================================

Loading Objects.

Loading object BUILD/NUCLEO_F746ZG/ARMC6/Morse.o.
              weak defn :  mbed::DigitalOut::read()
              weak defn :  mbed::DigitalOut::write(int)
              weak defn :  mbed::DigitalOut::DigitalOut__sub_object(PinName)
              weak defn :  mbed::DigitalOut::operator=(int)
              weak defn :  mbed::DigitalOut::operator int()
              definition:  Morse::char2Morse(char)
              definition:  Morse::newPageSig()
              definition:  Morse::timeInMillisec(int)
              definition:  Morse::blinkDot(int)
              definition:  Morse::startSig()
              definition:  Morse::timeUnit(int)
              definition:  Morse::blinkDash(int)
              definition:  Morse::Morse(mbed::DigitalOut, mbed::DigitalOut, mbed::DigitalOut)
              definition:  Morse::Morse()
              definition:  Morse::Morse__sub_object(mbed::DigitalOut, mbed::DigitalOut, mbed::DigitalOut)
              definition:  Morse::Morse__sub_object()
              reference :  gpio_init_out
              reference :  thread_sleep_for
Loading object BUILD/NUCLEO_F746ZG/ARMC6/main.o.
Adding cpp init reference.              reference :  __cpp_initialize__aeabi_
              definition:  on_serial_activity()
              definition:  strnchr(char*, unsigned int, char)
              reference :  mbed::BufferedSerial::read(void*, unsigned int)
              reference :  mbed::BufferedSerial::sigio(mbed::Callback<void ()>)
              reference :  mbed::BufferedSerial::BufferedSerial(PinName, PinName, int)
              weak defn :  mbed::detail::CallbackBase::clear()
              weak defn :  mbed::detail::CallbackBase::control()
              weak defn :  void mbed::detail::invoke_r<void, void (*&)(), 0>(void (*&)())
              weak defn :  void mbed::Callback<void ()>::target_call<void (*)()>(mbed::detail::CallbackBase const*)
              weak defn :  void mbed::Callback<void ()>::generate<void (*)(), void>(void (*&&)())
              weak defn :  mbed::Callback<void ()>::Callback__sub_object<void (*)(), 0>(void (*)())
              weak defn :  std::__1::enable_if<(!(std::is_member_pointer<std::__1::decay<void (*&)()>::type>::value)) || ((std::is_member_object_pointer<std::__1::decay<void (*&)()>::type>::value) && ((sizeof... (fp0)) != (1))), decltype(std::forward<void (*&)()>(fp)())>::type mstd::impl::INVOKE<void (*&)()>(void (*&)())
              weak defn :  mstd::invoke_result<void (*&)()>::type mstd::invoke<void (*&)()>(void (*&)())
              reference :  Morse::char2Morse(char)
              reference :  Morse::newPageSig()
              reference :  Morse::timeInMillisec(int)
              reference :  Morse::startSig()
              reference :  Morse::Morse(mbed::DigitalOut, mbed::DigitalOut, mbed::DigitalOut)
              weak defn :  mbed::FileHandle::readable() const
              reference :  __2printf
              definition:  __ARM_use_no_argv
              reference :  _printf_d
              reference :  _printf_int_dec
              reference :  _printf_percent
              reference :  _printf_s
              reference :  _printf_str
              definition:  buf
              definition:  buf_count
              reference :  gpio_init_out
              definition:  main
              definition:  message
              definition:  new_message_received
              definition:  pc
              definition:  s
              reference :  strlen
              reference :  strncpy
              reference :  thread_sleep_for
              reference :  mbed::DigitalOut::DigitalOut__sub_object(PinName)
Loading object BUILD/NUCLEO_F746ZG/ARMC6/mbed-os/cmsis/CMSIS_5/CMSIS/TARGET_CORTEX_M/Source/mbed_tz_context.o.
Loading object BUILD/NUCLEO_F746ZG/ARMC6/mbed-os/drivers/source/AnalogIn.o.
              weak defn :  rtos::Mutex* core_util_atomic_load<rtos::Mutex>(rtos::Mutex* const*)
              weak defn :  void core_util_atomic_store<rtos::Mutex>(rtos::Mutex**, rtos::Mutex*)
              definition:  mbed::AnalogIn::read_voltage()
              definition:  mbed::AnalogIn::set_reference_voltage(float)
              weak defn :  mbed::AnalogIn::lock()
              definition:  mbed::AnalogIn::read()
              definition:  mbed::AnalogIn::_mutex
              weak defn :  mbed::AnalogIn::unlock()
              definition:  mbed::AnalogIn::read_u16()
              definition:  mbed::AnalogIn::AnalogIn(PinName, float)
              definition:  mbed::AnalogIn::AnalogIn(PinMap const&, float)
              definition:  mbed::AnalogIn::AnalogIn__sub_object(PinName, float)
              definition:  mbed::AnalogIn::AnalogIn__sub_object(PinMap const&, float)
              weak defn :  mbed::AnalogIn::~AnalogIn__deallocating()
              weak defn :  mbed::AnalogIn::~AnalogIn__sub_object()
[...]
    0x080004ac   0x00000004   PAD
    0x080004b0   0x00000060   Code   RO         2841    .text.$Sub$$main    BUILD/NUCLEO_F746ZG/ARMC6/mbed-os/platform/source/mbed_sdk_boot.o
    0x08000510   0x00000014   Code   RO         3075    .text.$Sub$$vsnprintf  BUILD/NUCLEO_F746ZG/ARMC6/mbed-os/platform/source/minimal-printf/mbed_printf_wrapper.o
    0x08000524   0x00000004   PAD
    0x08000528   0x00000012   Code   RO         8665    .text.CAN1_RX0_IRQHandler  BUILD/NUCLEO_F746ZG/ARMC6/mbed-os/targets/TARGET_STM/can_api.o
    0x0800053a   0x00000006   PAD
    0x08000540   0x00000012   Code   RO         8671    .text.CAN1_SCE_IRQHandler  BUILD/NUCLEO_F746ZG/ARMC6/mbed-os/targets/TARGET_STM/can_api.o
    0x08000552   0x00000006   PAD
    0x08000558   0x00000012   Code   RO         8669    .text.CAN1_TX_IRQHandler  BUILD/NUCLEO_F746ZG/ARMC6/mbed-os/targets/TARGET_STM/can_api.o
    0x0800056a   0x00000006   PAD
    0x08000570   0x00000012   Code   RO         8673    .text.CAN2_RX0_IRQHandler  BUILD/NUCLEO_F746ZG/ARMC6/mbed-os/targets/TARGET_STM/can_api.o
    0x08000582   0x00000006   PAD
    0x08000588   0x00000012   Code   RO         8677    .text.CAN2_SCE_IRQHandler  BUILD/NUCLEO_F746ZG/ARMC6/mbed-os/targets/TARGET_STM/can_api.o
    0x0800059a   0x00000006   PAD
    0x080005a0   0x00000012   Code   RO         8675    .text.CAN2_TX_IRQHandler  BUILD/NUCLEO_F746ZG/ARMC6/mbed-os/targets/TARGET_STM/can_api.o
    0x080005b2   0x00000006   PAD
    0x080005b8   0x0000009c   Code   RO         8782    .text.HAL_GetTick   BUILD/NUCLEO_F746ZG/ARMC6/mbed-os/targets/TARGET_STM/hal_tick_overrides.o
    0x08000654   0x00000004   PAD
    0x08000658   0x0000002e   Code   RO         3822    .text.HAL_Init      BUILD/NUCLEO_F746ZG/ARMC6/mbed-os/targets/TARGET_STM/TARGET_STM32F7/STM32Cube_FW/STM32F7xx_HAL_Driver/stm32f7xx_hal.o
    0x08000686   0x00000002   PAD
    0x08000688   0x0000000a   Code   RO         8780    .text.HAL_InitTick  BUILD/NUCLEO_F746ZG/ARMC6/mbed-os/targets/TARGET_STM/hal_tick_overrides.o
    0x08000692   0x00000006   PAD
    0x08000698   0x00000056   Code   RO         5095    .text.HAL_LPTIM_Counter_Start  BUILD/NUCLEO_F746ZG/ARMC6/mbed-os/targets/TARGET_STM/TARGET_STM32F7/STM32Cube_FW/STM32F7xx_HAL_Driver/stm32f7xx_hal_lptim.o
    0x080006ee   0x00000002   PAD
    0x080006f0   0x000000c2   Code   RO         5041    .text.HAL_LPTIM_Init  BUILD/NUCLEO_F746ZG/ARMC6/mbed-os/targets/TARGET_STM/TARGET_STM32F7/STM32Cube_FW/STM32F7xx_HAL_Driver/stm32f7xx_hal_lptim.o
    0x080007b2   0x00000006   PAD
    0x080007b8   0x00000002   Code   RO         5043    .text.HAL_LPTIM_MspInit  BUILD/NUCLEO_F746ZG/ARMC6/mbed-os/targets/TARGET_STM/TARGET_STM32F7/STM32Cube_FW/STM32F7xx_HAL_Driver/stm32f7xx_hal_lptim.o
    0x080007ba   0x00000006   PAD
    0x080007c0   0x00000002   Code   RO         3826    .text.HAL_MspInit   BUILD/NUCLEO_F746ZG/ARMC6/mbed-os/targets/TARGET_STM/TARGET_STM32F7/STM32Cube_FW/STM32F7xx_HAL_Driver/stm32f7xx_hal.o
    0x080007c2   0x00000006   PAD
    0x080007c8   0x00000008   Code   RO         4026    .text.HAL_NVIC_SetPriorityGrouping  BUILD/NUCLEO_F746ZG/ARMC6/mbed-os/targets/TARGET_STM/TARGET_STM32F7/STM32Cube_FW/STM32F7xx_HAL_Driver/stm32f7xx_hal_cortex.o
    0x080007d0   0x00000076   Code   RO         5566    .text.HAL_PWREx_EnableOverDrive  BUILD/NUCLEO_F746ZG/ARMC6/mbed-os/targets/TARGET_STM/TARGET_STM32F7/STM32Cube_FW/STM32F7xx_HAL_Driver/stm32f7xx_hal_pwr_ex.o
    0x08000846   0x00000002   PAD
    0x08000848   0x00000012   Code   RO         5510    .text.HAL_PWR_EnableBkUpAccess  BUILD/NUCLEO_F746ZG/ARMC6/mbed-os/targets/TARGET_STM/TARGET_STM32F7/STM32Cube_FW/STM32F7xx_HAL_Driver/stm32f7xx_hal_pwr.o
    0x0800085a   0x00000006   PAD
    0x08000860   0x00000028   Code   RO         5524    .text.HAL_PWR_EnterSLEEPMode  BUILD/NUCLEO_F746ZG/ARMC6/mbed-os/targets/TARGET_STM/TARGET_STM32F7/STM32Cube_FW/STM32F7xx_HAL_Driver/stm32f7xx_hal_pwr.o
    0x08000888   0x0000055e   Code   RO         5712    .text.HAL_RCCEx_PeriphCLKConfig  BUILD/NUCLEO_F746ZG/ARMC6/mbed-os/targets/TARGET_STM/TARGET_STM32F7/STM32Cube_FW/STM32F7xx_HAL_Driver/stm32f7xx_hal_rcc_ex.o
    0x08000de6   0x00000002   PAD
    0x08000de8   0x00000152   Code   RO         5680    .text.HAL_RCC_ClockConfig  BUILD/NUCLEO_F746ZG/ARMC6/mbed-os/targets/TARGET_STM/TARGET_STM32F7/STM32Cube_FW/STM32F7xx_HAL_Driver/stm32f7xx_hal_rcc.o
    0x08000f3a   0x00000006   PAD
    0x08000f40   0x0000003e   Code   RO         5698    .text.HAL_RCC_GetClockConfig  BUILD/NUCLEO_F746ZG/ARMC6/mbed-os/targets/TARGET_STM/TARGET_STM32F7/STM32Cube_FW/STM32F7xx_HAL_Driver/stm32f7xx_hal_rcc.o
    0x08000f7e   0x00000002   PAD
    0x08000f80   0x0000000c   Code   RO         5690    .text.HAL_RCC_GetHCLKFreq  BUILD/NUCLEO_F746ZG/ARMC6/mbed-os/targets/TARGET_STM/TARGET_STM32F7/STM32Cube_FW/STM32F7xx_HAL_Driver/stm32f7xx_hal_rcc.o
    0x08000f8c   0x00000004   PAD
    0x08000f90   0x00000022   Code   RO         5692    .text.HAL_RCC_GetPCLK1Freq  BUILD/NUCLEO_F746ZG/ARMC6/mbed-os/targets/TARGET_STM/TARGET_STM32F7/STM32Cube_FW/STM32F7xx_HAL_Driver/stm32f7xx_hal_rcc.o
    0x08000fb2   0x00000006   PAD
    0x08000fb8   0x00000022   Code   RO         5694    .text.HAL_RCC_GetPCLK2Freq  BUILD/NUCLEO_F746ZG/ARMC6/mbed-os/targets/TARGET_STM/TARGET_STM32F7/STM32Cube_FW/STM32F7xx_HAL_Driver/stm32f7xx_hal_rcc.o
    0x08000fda   0x00000006   PAD
    0x08000fe0   0x0000006a   Code   RO         5682    .text.HAL_RCC_GetSysClockFreq  BUILD/NUCLEO_F746ZG/ARMC6/mbed-os/targets/TARGET_STM/TARGET_STM32F7/STM32Cube_FW/STM32F7xx_HAL_Driver/stm32f7xx_hal_rcc.o
    0x0800104a   0x00000006   PAD
    0x08001050   0x00000340   Code   RO         5678    .text.HAL_RCC_OscConfig  BUILD/NUCLEO_F746ZG/ARMC6/mbed-os/targets/TARGET_STM/TARGET_STM32F7/STM32Cube_FW/STM32F7xx_HAL_Driver/stm32f7xx_hal_rcc.o
    0x08001390   0x00000060   Code   RO         6610    .text.HAL_TIM_OC_Init  BUILD/NUCLEO_F746ZG/ARMC6/mbed-os/targets/TARGET_STM/TARGET_STM32F7/STM32Cube_FW/STM32F7xx_HAL_Driver/stm32f7xx_hal_tim.o
    0x080013f0   0x00000002   Code   RO         6612    .text.HAL_TIM_OC_MspInit  BUILD/NUCLEO_F746ZG/ARMC6/mbed-os/targets/TARGET_STM/TARGET_STM32F7/STM32Cube_FW/STM32F7xx_HAL_Driver/stm32f7xx_hal_tim.o
    0x080013f2   0x00000006   PAD
    0x080013f8   0x0000013a   Code   RO         6618    .text.HAL_TIM_OC_Start  BUILD/NUCLEO_F746ZG/ARMC6/mbed-os/targets/TARGET_STM/TARGET_STM32F7/STM32Cube_FW/STM32F7xx_HAL_Driver/stm32f7xx_hal_tim.o
    0x08001532   0x00000006   PAD
    0x08001538   0x0000005e   Code   RO         6928    .text.HAL_UART_Init  BUILD/NUCLEO_F746ZG/ARMC6/mbed-os/targets/TARGET_STM/TARGET_STM32F7/STM32Cube_FW/STM32F7xx_HAL_Driver/stm32f7xx_hal_uart.o
    0x08001596   0x00000002   PAD
    0x08001598   0x00000002   Code   RO         6930    .text.HAL_UART_MspInit  BUILD/NUCLEO_F746ZG/ARMC6/mbed-os/targets/TARGET_STM/TARGET_STM32F7/STM32Cube_FW/STM32F7xx_HAL_Driver/stm32f7xx_hal_uart.o
    0x0800159a   0x00000006   PAD
    0x080015a0   0x00000016   Code   RO         9011    .text.LL_GPIO_GetPinMode  BUILD/NUCLEO_F746ZG/ARMC6/mbed-os/targets/TARGET_STM/pinmap.o
    0x080015b6   0x00000002   PAD
    0x080015b8   0x00000026   Code   RO         9015    .text.LL_GPIO_SetAFPin_0_7  BUILD/NUCLEO_F746ZG/ARMC6/mbed-os/targets/TARGET_STM/pinmap.o
    0x080015de   0x00000002   PAD
    0x080015e0   0x00000028   Code   RO         9013    .text.LL_GPIO_SetAFPin_8_15  BUILD/NUCLEO_F746ZG/ARMC6/mbed-os/targets/TARGET_STM/pinmap.o
    0x08001608   0x00000026   Code   RO         8710    .text.LL_GPIO_SetPinMode  BUILD/NUCLEO_F746ZG/ARMC6/mbed-os/targets/TARGET_STM/gpio_api.o
    0x0800162e   0x00000002   PAD
    0x08001630   0x00000026   Code   RO         9003    .text.LL_GPIO_SetPinMode  BUILD/NUCLEO_F746ZG/ARMC6/mbed-os/targets/TARGET_STM/pinmap.o
    0x08001656   0x00000002   PAD
    0x08001658   0x0000000e   Code   RO         9005    .text.LL_GPIO_SetPinOutputType  BUILD/NUCLEO_F746ZG/ARMC6/mbed-os/targets/TARGET_STM/pinmap.o
    0x08001666   0x00000002   PAD
    0x08001668   0x00000026   Code   RO         9017    .text.LL_GPIO_SetPinPull  BUILD/NUCLEO_F746ZG/ARMC6/mbed-os/targets/TARGET_STM/pinmap.o
    0x0800168e   0x00000002   PAD
    0x08001690   0x00000026   Code   RO         8999    .text.LL_GPIO_SetPinSpeed  BUILD/NUCLEO_F746ZG/ARMC6/mbed-os/targets/TARGET_STM/pinmap.o
    0x080016b6   0x00000002   PAD
    0x080016b8   0x00000010   Code   RO         9177    .text.LL_PWR_GetRegulModeDS  BUILD/NUCLEO_F746ZG/ARMC6/mbed-os/targets/TARGET_STM/sleep.o
    0x080016c8   0x00000010   Code   RO         8983    .text.LL_RCC_LSE_IsReady  BUILD/NUCLEO_F746ZG/ARMC6/mbed-os/targets/TARGET_STM/mbed_overrides.o
    0x080016d8   0x0000000a   Code   RO         9324    .text.LL_TIM_GenerateEvent_CC1  BUILD/NUCLEO_F746ZG/ARMC6/mbed-os/targets/TARGET_STM/us_ticker.o
    0x080016e2   0x00000006   PAD
    0x080016e8   0x0000010a   Code   RO         8920    .text.LPTIM_IRQHandler  BUILD/NUCLEO_F746ZG/ARMC6/mbed-os/targets/TARGET_STM/lp_ticker.o
    0x080017f2   0x00000006   PAD
    0x080017f8   0x00000042   Code   RO         5055    .text.LPTIM_WaitForFlag  BUILD/NUCLEO_F746ZG/ARMC6/mbed-os/targets/TARGET_STM/TARGET_STM32F7/STM32Cube_FW/STM32F7xx_HAL_Driver/stm32f7xx_hal_lptim.o
    0x0800183a   0x00000006   PAD
    0x08001840   0x00000018   Code   RO         8985    .text.LSEDriveConfig  BUILD/NUCLEO_F746ZG/ARMC6/mbed-os/targets/TARGET_STM/mbed_overrides.o
    0x08001858   0x00000030   Code   RO         8290    .text.SetSysClock   BUILD/NUCLEO_F746ZG/ARMC6/mbed-os/targets/TARGET_STM/TARGET_STM32F7/TARGET_STM32F746xG/TARGET_NUCLEO_F746ZG/system_clock.o
    0x08001888   0x000000c0   Code   RO         8292    .text.SetSysClock_PLL_HSE  BUILD/NUCLEO_F746ZG/ARMC6/mbed-os/targets/TARGET_STM/TARGET_STM32F7/TARGET_STM32F746xG/TARGET_NUCLEO_F746ZG/system_clock.o
    0x08001948   0x0000009a   Code   RO         8294    .text.SetSysClock_PLL_HSI  BUILD/NUCLEO_F746ZG/ARMC6/mbed-os/targets/TARGET_STM/TARGET_STM32F7/TARGET_STM32F746xG/TARGET_NUCLEO_F746ZG/system_clock.o
    0x080019e2   0x00000006   PAD
    0x080019e8   0x000001f8   Code   RO         8700    .text.Set_GPIO_Clock  BUILD/NUCLEO_F746ZG/ARMC6/mbed-os/targets/TARGET_STM/gpio_api.o
    0x08001be0   0x0000007e   Code   RO         8248    .text.SystemCoreClockUpdate  BUILD/NUCLEO_F746ZG/ARMC6/mbed-os/targets/TARGET_STM/TARGET_STM32F7/STM32Cube_FW/system_stm32f7xx.o
    0x08001c5e   0x00000002   PAD
    0x08001c60   0x0000001e   Code   RO         8246    .text.SystemInit    BUILD/NUCLEO_F746ZG/ARMC6/mbed-os/targets/TARGET_STM/TARGET_STM32F7/STM32Cube_FW/system_stm32f7xx.o
    0x08001c7e   0x00000002   PAD
    0x08001c80   0x00000128   Code   RO         6586    .text.TIM_Base_SetConfig  BUILD/NUCLEO_F746ZG/ARMC6/mbed-os/targets/TARGET_STM/TARGET_STM32F7/STM32Cube_FW/STM32F7xx_HAL_Driver/stm32f7xx_hal_tim.o
    0x08001da8   0x0000001e   Code   RO         6620    .text.TIM_CCxChannelCmd  BUILD/NUCLEO_F746ZG/ARMC6/mbed-os/targets/TARGET_STM/TARGET_STM32F7/STM32Cube_FW/STM32F7xx_HAL_Driver/stm32f7xx_hal_tim.o
    0x08001dc6   0x00000002   PAD
    0x08001dc8   0x00000002   Code   RO         8979    .text.TargetBSP_Init  BUILD/NUCLEO_F746ZG/ARMC6/mbed-os/targets/TARGET_STM/mbed_overrides.o
    0x08001dca   0x00000006   PAD
    0x08001dd0   0x000000e0   Code   RO         6934    .text.UART_AdvFeatureConfig  BUILD/NUCLEO_F746ZG/ARMC6/mbed-os/targets/TARGET_STM/TARGET_STM32F7/STM32Cube_FW/STM32F7xx_HAL_Driver/stm32f7xx_hal_uart.o
    0x08001eb0   0x00000044   Code   RO         6936    .text.UART_CheckIdleState  BUILD/NUCLEO_F746ZG/ARMC6/mbed-os/targets/TARGET_STM/TARGET_STM32F7/STM32Cube_FW/STM32F7xx_HAL_Driver/stm32f7xx_hal_uart.o
    0x08001ef4   0x00000004   PAD
    0x08001ef8   0x00000248   Code   RO         6932    .text.UART_SetConfig  BUILD/NUCLEO_F746ZG/ARMC6/mbed-os/targets/TARGET_STM/TARGET_STM32F7/STM32Cube_FW/STM32F7xx_HAL_Driver/stm32f7xx_hal_uart.o
    0x08002140   0x000000b0   Code   RO         6950    .text.UART_WaitOnFlagUntilTimeout  BUILD/NUCLEO_F746ZG/ARMC6/mbed-os/targets/TARGET_STM/TARGET_STM32F7/STM32Cube_FW/STM32F7xx_HAL_Driver/stm32f7xx_hal_uart.o
    0x080021f0   0x00000008   Code   RO           54    .text._GLOBAL__sub_I_main.cpp  BUILD/NUCLEO_F746ZG/ARMC6/main.o
    0x080021f8   0x000000b6   Code   RO           50    .text._Z18on_serial_activityv  BUILD/NUCLEO_F746ZG/ARMC6/main.o
    0x080022ae   0x00000002   PAD
    0x080022b0   0x00000068   Code   RO         2795    .text._Z30core_util_atomic_load_explicitIhET_PKS0_17mbed_memory_order  BUILD/NUCLEO_F746ZG/ARMC6/mbed-os/platform/source/mbed_retarget.o
    0x08002318   0x0000003a   Code   RO           52    .text._Z7strnchrPcjc  BUILD/NUCLEO_F746ZG/ARMC6/main.o
    0x08002352   0x00000006   PAD
    0x08002358   0x00000014   Code   RO           25    .text._ZL10gpio_writeP6gpio_ti  BUILD/NUCLEO_F746ZG/ARMC6/Morse.o
    0x0800236c   0x00000004   PAD
    0x08002370   0x00000034   Code   RO         2751    .text._ZL14do_serial_initv  BUILD/NUCLEO_F746ZG/ARMC6/mbed-os/platform/source/mbed_retarget.o
    0x080023a4   0x00000004   PAD
    0x080023a8   0x00000018   Code   RO         2657    .text._ZL19do_serial_init_oncev  BUILD/NUCLEO_F746ZG/ARMC6/mbed-os/platform/source/mbed_retarget.o
    0x080023c0   0x00000008   Code   RO         2552    .text._ZL5sleepv    BUILD/NUCLEO_F746ZG/ARMC6/mbed-os/platform/source/mbed_os_timer.o
    0x080023c8   0x0000000e   Code   RO           23    .text._ZL9gpio_readP6gpio_t  BUILD/NUCLEO_F746ZG/ARMC6/Morse.o
    0x080023d6   0x00000002   PAD
    0x080023d8   0x0000000e   Code   RO          703    .text._ZL9gpio_readP6gpio_t  BUILD/NUCLEO_F746ZG/ARMC6/mbed-os/drivers/source/InterruptIn.o
    0x080023e6   0x00000002   PAD
    0x080023e8   0x00000016   Code   RO         1845    .text._ZN10CThunkBase11cthunk_freeEPFvvE  BUILD/NUCLEO_F746ZG/ARMC6/mbed-os/platform/source/CThunkBase.o
    0x080023fe   0x00000002   PAD
    0x08002400   0x00000008   Code   RO           41    .text._ZN4mbed10DigitalOut4readEv  BUILD/NUCLEO_F746ZG/ARMC6/Morse.o
    0x08002408   0x00000008   Code   RO           43    .text._ZN4mbed10DigitalOut5writeEi  BUILD/NUCLEO_F746ZG/ARMC6/Morse.o
    0x08002410   0x0000001e   Code   RO           35    .text._ZN4mbed10DigitalOutC2E7PinName  BUILD/NUCLEO_F746ZG/ARMC6/Morse.o
    0x0800242e   0x00000002   PAD
    0x08002430   0x0000000c   Code   RO           39    .text._ZN4mbed10DigitalOutaSEi  BUILD/NUCLEO_F746ZG/ARMC6/Morse.o
    0x0800243c   0x00000004   PAD
    0x08002440   0x00000008   Code   RO           37    .text._ZN4mbed10DigitalOutcviEv  BUILD/NUCLEO_F746ZG/ARMC6/Morse.o
    0x08002448   0x00000006   Code   RO         1953    .text._ZN4mbed10FileHandle12enable_inputEb  BUILD/NUCLEO_F746ZG/ARMC6/mbed-os/platform/source/FileHandle.o
    0x0800244e   0x00000002   PAD
    0x08002450   0x0000000c   Code   RO         1351    .text._ZN4mbed10FileHandle12set_blockingEb  BUILD/NUCLEO_F746ZG/ARMC6/mbed-os/drivers/source/UnbufferedSerial.o
    0x0800245c   0x00000004   PAD
    0x08002460   0x00000006   Code   RO         1955    .text._ZN4mbed10FileHandle13enable_outputEb  BUILD/NUCLEO_F746ZG/ARMC6/mbed-os/platform/source/FileHandle.o
    0x08002466   0x00000002   PAD
    0x08002468   0x00000036   Code   RO         1939    .text._ZN4mbed10FileHandle4sizeEv  BUILD/NUCLEO_F746ZG/ARMC6/mbed-os/platform/source/FileHandle.o
    0x0800249e   0x00000002   PAD
    0x080024a0   0x00000004   Code   RO         1345    .text._ZN4mbed10FileHandle4syncEv  BUILD/NUCLEO_F746ZG/ARMC6/mbed-os/drivers/source/UnbufferedSerial.o
    0x080024a4   0x00000004   PAD
    0x080024a8   0x0000000e   Code   RO          276    .text._ZN4mbed10FileHandle4tellEv  BUILD/NUCLEO_F746ZG/ARMC6/mbed-os/drivers/source/BufferedSerial.o
    0x080024b6   0x00000002   PAD
    0x080024b8   0x00000002   Code   RO         1355    .text._ZN4mbed10FileHandle5sigioENS_8CallbackIFvvEEE  BUILD/NUCLEO_F746ZG/ARMC6/mbed-os/drivers/source/UnbufferedSerial.o
    0x080024ba   0x00000006   PAD
    0x080024c0   0x00000004   Code   RO         1951    .text._ZN4mbed10FileHandle6isattyEv  BUILD/NUCLEO_F746ZG/ARMC6/mbed-os/platform/source/FileHandle.o
    0x080024c4   0x00000004   PAD
    0x080024c8   0x0000000e   Code   RO          278    .text._ZN4mbed10FileHandle6rewindEv  BUILD/NUCLEO_F746ZG/ARMC6/mbed-os/drivers/source/BufferedSerial.o
    0x080024d6   0x00000002   PAD
    0x080024d8   0x00000006   Code   RO          280    .text._ZN4mbed10FileHandle8truncateEl  BUILD/NUCLEO_F746ZG/ARMC6/mbed-os/drivers/source/BufferedSerial.o
    0x080024de   0x00000002   PAD
    0x080024e0   0x0000000e   Code   RO          244    .text._ZN4mbed10FileHandleC2Ev  BUILD/NUCLEO_F746ZG/ARMC6/mbed-os/drivers/source/BufferedSerial.o
    0x080024ee   0x00000002   PAD
    0x080024f0   0x00000002   Code   RO         1949    .text._ZN4mbed10FileHandleD0Ev  BUILD/NUCLEO_F746ZG/ARMC6/mbed-os/platform/source/FileHandle.o
    0x080024f2   0x00000006   PAD
    0x080024f8   0x00000002   Code   RO          254    .text._ZN4mbed10FileHandleD2Ev  BUILD/NUCLEO_F746ZG/ARMC6/mbed-os/drivers/source/BufferedSerial.o
    0x080024fa   0x00000006   PAD
    0x08002500   0x0000000a   Code   RO         1066    .text._ZN4mbed10SerialBase10_base_getcEv  BUILD/NUCLEO_F746ZG/ARMC6/mbed-os/drivers/source/SerialBase.o
    0x0800250a   0x00000006   PAD
    0x08002510   0x0000000e   Code   RO         1068    .text._ZN4mbed10SerialBase10_base_putcEi  BUILD/NUCLEO_F746ZG/ARMC6/mbed-os/drivers/source/SerialBase.o
    0x0800251e   0x00000002   PAD
    0x08002520   0x0000001e   Code   RO         1064    .text._ZN4mbed10SerialBase12_irq_handlerEj9SerialIrq  BUILD/NUCLEO_F746ZG/ARMC6/mbed-os/drivers/source/SerialBase.o
    0x0800253e   0x00000002   PAD
    0x08002540   0x00000098   Code   RO         1072    .text._ZN4mbed10SerialBase12enable_inputEb  BUILD/NUCLEO_F746ZG/ARMC6/mbed-os/drivers/source/SerialBase.o
    0x080025d8   0x00000098   Code   RO         1074    .text._ZN4mbed10SerialBase13enable_outputEb  BUILD/NUCLEO_F746ZG/ARMC6/mbed-os/drivers/source/SerialBase.o
    0x08002670   0x00000002   Code   RO         1082    .text._ZN4mbed10SerialBase4lockEv  BUILD/NUCLEO_F746ZG/ARMC6/mbed-os/drivers/source/SerialBase.o
    0x08002672   0x00000006   PAD
    0x08002678   0x0000005a   Code   RO         1048    .text._ZN4mbed10SerialBase5_initEv  BUILD/NUCLEO_F746ZG/ARMC6/mbed-os/drivers/source/SerialBase.o
    0x080026d2   0x00000006   PAD
    0x080026d8   0x000000ac   Code   RO         1062    .text._ZN4mbed10SerialBase6attachENS_8CallbackIFvvEEENS0_7IrqTypeE  BUILD/NUCLEO_F746ZG/ARMC6/mbed-os/drivers/source/SerialBase.o
    0x08002784   0x00000004   PAD
    0x08002788   0x00000002   Code   RO         1084    .text._ZN4mbed10SerialBase6unlockEv  BUILD/NUCLEO_F746ZG/ARMC6/mbed-os/drivers/source/SerialBase.o
    0x0800278a   0x00000006   PAD
    0x08002790   0x0000000a   Code   RO         1070    .text._ZN4mbed10SerialBase7_deinitEv  BUILD/NUCLEO_F746ZG/ARMC6/mbed-os/drivers/source/SerialBase.o
    0x0800279a   0x00000006   PAD
    0x080027a0   0x00000022   Code   RO         1058    .text._ZN4mbed10SerialBase8readableEv  BUILD/NUCLEO_F746ZG/ARMC6/mbed-os/drivers/source/SerialBase.o
    0x080027c2   0x00000006   PAD
    0x080027c8   0x00000022   Code   RO         1060    .text._ZN4mbed10SerialBase9writeableEv  BUILD/NUCLEO_F746ZG/ARMC6/mbed-os/drivers/source/SerialBase.o
    0x080027ea   0x00000006   PAD
    0x080027f0   0x000000ba   Code   RO         1046    .text._ZN4mbed10SerialBaseC2E7PinNameS1_i  BUILD/NUCLEO_F746ZG/ARMC6/mbed-os/drivers/source/SerialBase.o
    0x080028aa   0x00000006   PAD
    0x080028b0   0x0000000c   Code   RO         1088    .text._ZN4mbed10SerialBaseD0Ev  BUILD/NUCLEO_F746ZG/ARMC6/mbed-os/drivers/source/SerialBase.o
    0x080028bc   0x00000004   PAD
    0x080028c0   0x0000005a   Code   RO         1086    .text._ZN4mbed10SerialBaseD2Ev  BUILD/NUCLEO_F746ZG/ARMC6/mbed-os/drivers/source/SerialBase.o
    0x0800291a   0x00000006   PAD
    0x08002920   0x00000018   Code   RO         1270    .text._ZN4mbed10TimerEvent15insert_absoluteENSt3__16chrono10time_pointINS_15TickerDataClockENS2_8durationIxNS1_5ratioILx1ELx1000000EEEEEEE  BUILD/NUCLEO_F746ZG/ARMC6/mbed-os/drivers/source/TimerEvent.o
    0x08002938   0x0000000a   Code   RO         1260    .text._ZN4mbed10TimerEvent3irqEj  BUILD/NUCLEO_F746ZG/ARMC6/mbed-os/drivers/source/TimerEvent.o
    0x08002942   0x00000006   PAD
    0x08002948   0x00000012   Code   RO         1264    .text._ZN4mbed10TimerEvent6removeEv  BUILD/NUCLEO_F746ZG/ARMC6/mbed-os/drivers/source/TimerEvent.o
    0x0800295a   0x00000006   PAD
    0x08002960   0x00000032   Code   RO         1258    .text._ZN4mbed10TimerEventC2EPK13ticker_data_t  BUILD/NUCLEO_F746ZG/ARMC6/mbed-os/drivers/source/TimerEvent.o
    0x08002992   0x00000006   PAD
    0x08002998   0x0000000a   Code   RO          701    .text._ZN4mbed11InterruptIn4readEv  BUILD/NUCLEO_F746ZG/ARMC6/mbed-os/drivers/source/InterruptIn.o
    0x080029a2   0x00000006   PAD
    0x080029a8   0x0000000c   Code   RO          178    .text._ZN4mbed14BufferedSerial10api_unlockEv  BUILD/NUCLEO_F746ZG/ARMC6/mbed-os/drivers/source/BufferedSerial.o
    0x080029b4   0x00000004   PAD
    0x080029b8   0x00000022   Code   RO          228    .text._ZN4mbed14BufferedSerial12enable_inputEb  BUILD/NUCLEO_F746ZG/ARMC6/mbed-os/drivers/source/BufferedSerial.o
    0x080029da   0x00000006   PAD
    0x080029e0   0x0000000a   Code   RO          272    .text._ZN4mbed14BufferedSerial12set_blockingEb  BUILD/NUCLEO_F746ZG/ARMC6/mbed-os/drivers/source/BufferedSerial.o
    0x080029ea   0x00000006   PAD
    0x080029f0   0x00000022   Code   RO          232    .text._ZN4mbed14BufferedSerial13enable_outputEb  BUILD/NUCLEO_F746ZG/ARMC6/mbed-os/drivers/source/BufferedSerial.o
    0x08002a12   0x00000006   PAD
    0x08002a18   0x00000058   Code   RO          154    .text._ZN4mbed14BufferedSerial13update_rx_irqEv  BUILD/NUCLEO_F746ZG/ARMC6/mbed-os/drivers/source/BufferedSerial.o
    0x08002a70   0x00000056   Code   RO          210    .text._ZN4mbed14BufferedSerial13update_tx_irqEv  BUILD/NUCLEO_F746ZG/ARMC6/mbed-os/drivers/source/BufferedSerial.o
    0x08002ac6   0x00000002   PAD
    0x08002ac8   0x00000028   Code   RO          224    .text._ZN4mbed14BufferedSerial14disable_rx_irqEv  BUILD/NUCLEO_F746ZG/ARMC6/mbed-os/drivers/source/BufferedSerial.o
    0x08002af0   0x0000002a   Code   RO          226    .text._ZN4mbed14BufferedSerial14disable_tx_irqEv  BUILD/NUCLEO_F746ZG/ARMC6/mbed-os/drivers/source/BufferedSerial.o
    0x08002b1a   0x00000006   PAD
    0x08002b20   0x0000003c   Code   RO          204    .text._ZN4mbed14BufferedSerial16write_unbufferedEPKcj  BUILD/NUCLEO_F746ZG/ARMC6/mbed-os/drivers/source/BufferedSerial.o
    0x08002b5c   0x00000004   PAD
    0x08002b60   0x0000007a   Code   RO          214    .text._ZN4mbed14BufferedSerial4readEPvj  BUILD/NUCLEO_F746ZG/ARMC6/mbed-os/drivers/source/BufferedSerial.o
    0x08002bda   0x00000006   PAD
    0x08002be0   0x00000006   Code   RO          190    .text._ZN4mbed14BufferedSerial4seekEli  BUILD/NUCLEO_F746ZG/ARMC6/mbed-os/drivers/source/BufferedSerial.o
    0x08002be6   0x00000002   PAD
    0x08002be8   0x0000003a   Code   RO          194    .text._ZN4mbed14BufferedSerial4syncEv  BUILD/NUCLEO_F746ZG/ARMC6/mbed-os/drivers/source/BufferedSerial.o
    0x08002c22   0x00000006   PAD
    0x08002c28   0x0000001a   Code   RO          168    .text._ZN4mbed14BufferedSerial4wakeEv  BUILD/NUCLEO_F746ZG/ARMC6/mbed-os/drivers/source/BufferedSerial.o
    0x08002c42   0x00000006   PAD
    0x08002c48   0x00000004   Code   RO          182    .text._ZN4mbed14BufferedSerial5closeEv  BUILD/NUCLEO_F746ZG/ARMC6/mbed-os/drivers/source/BufferedSerial.o
    0x08002c4c   0x00000004   PAD
    0x08002c50   0x00000044   Code   RO          198    .text._ZN4mbed14BufferedSerial5sigioENS_8CallbackIFvvEEE  BUILD/NUCLEO_F746ZG/ARMC6/mbed-os/drivers/source/BufferedSerial.o
    0x08002c94   0x00000004   PAD
    0x08002c98   0x000000a6   Code   RO          208    .text._ZN4mbed14BufferedSerial5writeEPKvj  BUILD/NUCLEO_F746ZG/ARMC6/mbed-os/drivers/source/BufferedSerial.o
    0x08002d3e   0x00000002   PAD
    0x08002d40   0x00000004   Code   RO          186    .text._ZN4mbed14BufferedSerial6isattyEv  BUILD/NUCLEO_F746ZG/ARMC6/mbed-os/drivers/source/BufferedSerial.o
    0x08002d44   0x00000004   PAD
    0x08002d48   0x0000006c   Code   RO          222    .text._ZN4mbed14BufferedSerial6rx_irqEv  BUILD/NUCLEO_F746ZG/ARMC6/mbed-os/drivers/source/BufferedSerial.o
    0x08002db4   0x00000004   PAD
    0x08002db8   0x0000006e   Code   RO          206    .text._ZN4mbed14BufferedSerial6tx_irqEv  BUILD/NUCLEO_F746ZG/ARMC6/mbed-os/drivers/source/BufferedSerial.o
    0x08002e26   0x00000002   PAD
    0x08002e28   0x0000000c   Code   RO          176    .text._ZN4mbed14BufferedSerial8api_lockEv  BUILD/NUCLEO_F746ZG/ARMC6/mbed-os/drivers/source/BufferedSerial.o
    0x08002e34   0x00000004   PAD
    0x08002e38   0x0000005c   Code   RO          152    .text._ZN4mbed14BufferedSerialC2E7PinNameS1_i  BUILD/NUCLEO_F746ZG/ARMC6/mbed-os/drivers/source/BufferedSerial.o
    0x08002e94   0x00000004   PAD
    0x08002e98   0x0000000c   Code   RO          162    .text._ZN4mbed14BufferedSerialD0Ev  BUILD/NUCLEO_F746ZG/ARMC6/mbed-os/drivers/source/BufferedSerial.o
    0x08002ea4   0x00000004   PAD
    0x08002ea8   0x0000004e   Code   RO          158    .text._ZN4mbed14BufferedSerialD2Ev  BUILD/NUCLEO_F746ZG/ARMC6/mbed-os/drivers/source/BufferedSerial.o
    0x08002ef6   0x00000002   PAD
    0x08002ef8   0x0000006c   Code   RO          316    .text._ZN4mbed14CircularBufferIcLj256EjE16incrementCounterEjj  BUILD/NUCLEO_F746ZG/ARMC6/mbed-os/drivers/source/BufferedSerial.o
    0x08002f64   0x00000004   PAD
    0x08002f68   0x0000003e   Code   RO          268    .text._ZN4mbed14CircularBufferIcLj256EjE3popERc  BUILD/NUCLEO_F746ZG/ARMC6/mbed-os/drivers/source/BufferedSerial.o
    0x08002fa6   0x00000002   PAD
    0x08002fa8   0x00000046   Code   RO          266    .text._ZN4mbed14CircularBufferIcLj256EjE4pushERKc  BUILD/NUCLEO_F746ZG/ARMC6/mbed-os/drivers/source/BufferedSerial.o
    0x08002fee   0x00000002   PAD
    0x08002ff0   0x0000000c   Code   RO          246    .text._ZN4mbed14CircularBufferIcLj256EjEC2Ev  BUILD/NUCLEO_F746ZG/ARMC6/mbed-os/drivers/source/BufferedSerial.o
    0x08002ffc   0x00000004   PAD
    0x08003000   0x00000002   Code   RO          252    .text._ZN4mbed14CircularBufferIcLj256EjED2Ev  BUILD/NUCLEO_F746ZG/ARMC6/mbed-os/drivers/source/BufferedSerial.o
    0x08003002   0x00000006   PAD
    0x08003008   0x0000000a   Code   RO         1281    .text._ZN4mbed15TickerDataClock11set_handlerEPFvjE  BUILD/NUCLEO_F746ZG/ARMC6/mbed-os/drivers/source/TimerEvent.o
    0x08003012   0x00000006   PAD
    0x08003018   0x00000016   Code   RO         1285    .text._ZN4mbed15TickerDataClock12insert_eventEP14ticker_event_sNSt3__16chrono10time_pointIS0_NS4_8durationIxNS3_5ratioILx1ELx1000000EEEEEEEj  BUILD/NUCLEO_F746ZG/ARMC6/mbed-os/drivers/source/TimerEvent.o
    0x0800302e   0x00000002   PAD
    0x08003030   0x0000000a   Code   RO         1287    .text._ZN4mbed15TickerDataClock12remove_eventEP14ticker_event_s  BUILD/NUCLEO_F746ZG/ARMC6/mbed-os/drivers/source/TimerEvent.o
    0x0800303a   0x00000006   PAD
    0x08003040   0x00000004   Code   RO         1249    .text._ZN4mbed15TickerDataClockC2EPK13ticker_data_t  BUILD/NUCLEO_F746ZG/ARMC6/mbed-os/drivers/source/Timer.o
    0x08003044   0x00000004   PAD
    0x08003048   0x0000000c   Code   RO         1875    .text._ZN4mbed19CriticalSectionLockC2Ev  BUILD/NUCLEO_F746ZG/ARMC6/mbed-os/platform/source/CriticalSectionLock.o
    0x08003054   0x00000004   PAD
    0x08003058   0x0000000c   Code   RO         1877    .text._ZN4mbed19CriticalSectionLockD2Ev  BUILD/NUCLEO_F746ZG/ARMC6/mbed-os/platform/source/CriticalSectionLock.o
    0x08003064   0x00000004   PAD
    0x08003068   0x0000001a   Code   RO         2655    .text._ZN4mbed20minimal_console_putcEi  BUILD/NUCLEO_F746ZG/ARMC6/mbed-os/platform/source/mbed_retarget.o
    0x08003082   0x00000006   PAD
    0x08003088   0x00000002   Code   RO          751    .text._ZN4mbed4impl7MbedCRCILj79764919ELh32ELNS_7CrcModeE2EE10shift_leftEj  BUILD/NUCLEO_F746ZG/ARMC6/mbed-os/drivers/source/MbedCRC.o
    0x0800308a   0x00000006   PAD
    0x08003090   0x00000008   Code   RO          749    .text._ZN4mbed4impl7MbedCRCILj79764919ELh32ELNS_7CrcModeE2EE11reflect_crcEj  BUILD/NUCLEO_F746ZG/ARMC6/mbed-os/drivers/source/MbedCRC.o
    0x08003098   0x00000002   Code   RO          771    .text._ZN4mbed4impl7MbedCRCILj79764919ELh32ELNS_7CrcModeE2EE11shift_rightEj  BUILD/NUCLEO_F746ZG/ARMC6/mbed-os/drivers/source/MbedCRC.o
    0x0800309a   0x00000006   PAD
    0x080030a0   0x00000006   Code   RO          777    .text._ZN4mbed4impl7MbedCRCILj79764919ELh32ELNS_7CrcModeE2EE12get_crc_maskEv  BUILD/NUCLEO_F746ZG/ARMC6/mbed-os/drivers/source/MbedCRC.o
    0x080030a6   0x00000002   PAD
    0x080030a8   0x00000008   Code   RO          759    .text._ZN4mbed4impl7MbedCRCILj79764919ELh32ELNS_7CrcModeE2EE15compute_partialEPKvjPj  BUILD/NUCLEO_F746ZG/ARMC6/mbed-os/drivers/source/MbedCRC.o
    0x080030b0   0x00000012   Code   RO          767    .text._ZN4mbed4impl7MbedCRCILj79764919ELh32ELNS_7CrcModeE2EE15do_1_bit_normalEj  BUILD/NUCLEO_F746ZG/ARMC6/mbed-os/drivers/source/MbedCRC.o
    0x080030c2   0x00000006   PAD
    0x080030c8   0x00000006   Code   RO          773    .text._ZN4mbed4impl7MbedCRCILj79764919ELh32ELNS_7CrcModeE2EE16reflect_constantEj  BUILD/NUCLEO_F746ZG/ARMC6/mbed-os/drivers/source/MbedCRC.o
    0x080030ce   0x00000002   PAD
    0x080030d0   0x00000012   Code   RO          765    .text._ZN4mbed4impl7MbedCRCILj79764919ELh32ELNS_7CrcModeE2EE18do_1_bit_reflectedEj  BUILD/NUCLEO_F746ZG/ARMC6/mbed-os/drivers/source/MbedCRC.o
    0x080030e2   0x00000006   PAD
    0x080030e8   0x00000010   Code   RO          775    .text._ZN4mbed4impl7MbedCRCILj79764919ELh32ELNS_7CrcModeE2EE18get_top_polynomialEv  BUILD/NUCLEO_F746ZG/ARMC6/mbed-os/drivers/source/MbedCRC.o
    0x080030f8   0x00000010   Code   RO          747    .text._ZN4mbed4impl7MbedCRCILj79764919ELh32ELNS_7CrcModeE2EE20adjust_initial_valueEjb  BUILD/NUCLEO_F746ZG/ARMC6/mbed-os/drivers/source/MbedCRC.o
    0x08003108   0x00000038   Code   RO          761    .text._ZN4mbed4impl7MbedCRCILj79764919ELh32ELNS_7CrcModeE2EE20compute_partial_stopEPj  BUILD/NUCLEO_F746ZG/ARMC6/mbed-os/drivers/source/MbedCRC.o
    0x08003140   0x0000000a   Code   RO          757    .text._ZN4mbed4impl7MbedCRCILj79764919ELh32ELNS_7CrcModeE2EE21compute_partial_startEPj  BUILD/NUCLEO_F746ZG/ARMC6/mbed-os/drivers/source/MbedCRC.o
    0x0800314a   0x00000006   PAD
    0x08003150   0x00000014   Code   RO          769    .text._ZN4mbed4impl7MbedCRCILj79764919ELh32ELNS_7CrcModeE2EE24get_reflected_polynomialEv  BUILD/NUCLEO_F746ZG/ARMC6/mbed-os/drivers/source/MbedCRC.o
    0x08003164   0x00000004   PAD
    0x08003168   0x00000034   Code   RO          755    .text._ZN4mbed4impl7MbedCRCILj79764919ELh32ELNS_7CrcModeE2EE7computeEPKvjPj  BUILD/NUCLEO_F746ZG/ARMC6/mbed-os/drivers/source/MbedCRC.o
    0x0800319c   0x00000004   PAD
    0x080031a0   0x00000006   Code   RO          753    .text._ZN4mbed4impl7MbedCRCILj79764919ELh32ELNS_7CrcModeE2EE7reflectEj  BUILD/NUCLEO_F746ZG/ARMC6/mbed-os/drivers/source/MbedCRC.o
    0x080031a6   0x00000002   PAD
    0x080031a8   0x00000022   Code   RO          745    .text._ZN4mbed4impl7MbedCRCILj79764919ELh32ELNS_7CrcModeE2EEC2Ejjbb  BUILD/NUCLEO_F746ZG/ARMC6/mbed-os/drivers/source/MbedCRC.o
    0x080031ca   0x00000006   PAD
    0x080031d0   0x0000000c   Code   RO           75    .text._ZN4mbed6detail12CallbackBase5clearEv  BUILD/NUCLEO_F746ZG/ARMC6/main.o
    0x080031dc   0x00000004   PAD
    0x080031e0   0x00000004   Code   RO           79    .text._ZN4mbed6detail12CallbackBase7controlEv  BUILD/NUCLEO_F746ZG/ARMC6/main.o
    0x080031e4   0x00000004   PAD
    0x080031e8   0x00000002   Code   RO          493    .text._ZN4mbed6detail12CallbackBase7destroyEv  BUILD/NUCLEO_F746ZG/ARMC6/mbed-os/drivers/source/CAN.o
    0x080031ea   0x00000006   PAD
    0x080031f0   0x00000006   Code   RO          286    .text._ZN4mbed6detail12CallbackBaseC2EDn  BUILD/NUCLEO_F746ZG/ARMC6/mbed-os/drivers/source/BufferedSerial.o
    0x080031f6   0x00000002   PAD
    0x080031f8   0x00000008   Code   RO          302    .text._ZN4mbed6detail8invoke_rIvRKMNS_14BufferedSerialEFvvEJRKPS2_ELi0EEET_OT0_DpOT1_  BUILD/NUCLEO_F746ZG/ARMC6/mbed-os/drivers/source/BufferedSerial.o
    0x08003200   0x00000008   Code   RO           83    .text._ZN4mbed6detail8invoke_rIvRPFvvEJELi0EEET_OT0_DpOT1_  BUILD/NUCLEO_F746ZG/ARMC6/main.o
    0x08003208   0x00000008   Code   RO          294    .text._ZN4mbed6detail8invoke_rIvRZNS_8CallbackIFvvEEC1IPNS_14BufferedSerialEMS6_FvvELi0EEET_T0_EUlvE_JELi0EEESA_OSB_DpOT1_  BUILD/NUCLEO_F746ZG/ARMC6/mbed-os/drivers/source/BufferedSerial.o
    0x08003210   0x00000008   Code   RO          743    .text._ZN4mbed7MbedCRCILj79764919ELh32ELNS_7CrcModeE2EE7computeEPKvjPj  BUILD/NUCLEO_F746ZG/ARMC6/mbed-os/drivers/source/MbedCRC.o
    0x08003218   0x00000014   Code   RO          741    .text._ZN4mbed7MbedCRCILj79764919ELh32ELNS_7CrcModeE2EEC2Ejjbb  BUILD/NUCLEO_F746ZG/ARMC6/mbed-os/drivers/source/MbedCRC.o
    0x0800322c   0x00000004   PAD
    0x08003230   0x0000000a   Code   RO          630    .text._ZN4mbed8CallbackIFviEEC2Ev  BUILD/NUCLEO_F746ZG/ARMC6/mbed-os/drivers/source/I2C.o
    0x0800323a   0x00000006   PAD
    0x08003240   0x00000008   Code   RO           81    .text._ZN4mbed8CallbackIFvvEE11target_callIPS1_EEvPKNS_6detail12CallbackBaseE  BUILD/NUCLEO_F746ZG/ARMC6/main.o
    0x08003248   0x00000008   Code   RO          292    .text._ZN4mbed8CallbackIFvvEE11target_callIZNS2_C1IPNS_14BufferedSerialEMS5_FvvELi0EEET_T0_EUlvE_EEvPKNS_6detail12CallbackBaseE  BUILD/NUCLEO_F746ZG/ARMC6/mbed-os/drivers/source/BufferedSerial.o
    0x08003250   0x00000016   Code   RO           77    .text._ZN4mbed8CallbackIFvvEE8generateIPS1_vEEvOT_  BUILD/NUCLEO_F746ZG/ARMC6/main.o
    0x08003266   0x00000002   PAD
    0x08003268   0x00000018   Code   RO          290    .text._ZN4mbed8CallbackIFvvEE8generateIZNS2_C1IPNS_14BufferedSerialEMS5_FvvELi0EEET_T0_EUlvE_vEEvOS9_  BUILD/NUCLEO_F746ZG/ARMC6/mbed-os/drivers/source/BufferedSerial.o
    0x08003280   0x00000008   Code   RO          270    .text._ZN4mbed8CallbackIFvvEEC2EDn  BUILD/NUCLEO_F746ZG/ARMC6/mbed-os/drivers/source/BufferedSerial.o
    0x08003288   0x0000000a   Code   RO          248    .text._ZN4mbed8CallbackIFvvEEC2Ev  BUILD/NUCLEO_F746ZG/ARMC6/mbed-os/drivers/source/BufferedSerial.o
    0x08003292   0x00000006   PAD
    0x08003298   0x00000022   Code   RO          288    .text._ZN4mbed8CallbackIFvvEEC2IPNS_14BufferedSerialEMS4_FvvELi0EEET_T0_  BUILD/NUCLEO_F746ZG/ARMC6/mbed-os/drivers/source/BufferedSerial.o
    0x080032ba   0x00000006   PAD
    0x080032c0   0x0000002c   Code   RO           71    .text._ZN4mbed8CallbackIFvvEEC2IPS1_Li0EEET_  BUILD/NUCLEO_F746ZG/ARMC6/main.o
    0x080032ec   0x00000004   PAD
    0x080032f0   0x00000012   Code   RO          491    .text._ZN4mbed8CallbackIFvvEEaSEDn  BUILD/NUCLEO_F746ZG/ARMC6/mbed-os/drivers/source/CAN.o
    0x08003302   0x00000006   PAD
    0x08003308   0x00000008   Code   RO          256    .text._ZN4mbed8callbackINS_14BufferedSerialES1_vJEEENS_8CallbackIFT1_DpT2_EEEPT0_MT_FS3_S5_E  BUILD/NUCLEO_F746ZG/ARMC6/mbed-os/drivers/source/BufferedSerial.o
    0x08003310   0x0000002a   Code   RO         2544    .text._ZN4mbed8internal13init_os_timerEv  BUILD/NUCLEO_F746ZG/ARMC6/mbed-os/platform/source/mbed_os_timer.o
    0x0800333a   0x00000006   PAD
    0x08003340   0x00000056   Code   RO         2565    .text._ZN4mbed8internal18do_sleep_operationINS0_18timed_predicate_opEEEvRT_  BUILD/NUCLEO_F746ZG/ARMC6/mbed-os/platform/source/mbed_os_timer.o
    0x08003396   0x00000002   PAD
    0x08003398   0x00000020   Code   RO         2579    .text._ZN4mbed8internal18timed_predicate_op13sleep_prepareEv  BUILD/NUCLEO_F746ZG/ARMC6/mbed-os/platform/source/mbed_os_timer.o
    0x080033b8   0x00000026   Code   RO         2581    .text._ZN4mbed8internal18timed_predicate_op14sleep_preparedEv  BUILD/NUCLEO_F746ZG/ARMC6/mbed-os/platform/source/mbed_os_timer.o
    0x080033de   0x00000002   PAD
    0x080033e0   0x00000018   Code   RO         2563    .text._ZN4mbed8internal18timed_predicate_opC2ENSt3__16chrono10time_pointINS0_7OsClockENS3_8durationIxNS2_5ratioILx1ELx1000EEEEEEEPFbPvESB_  BUILD/NUCLEO_F746ZG/ARMC6/mbed-os/platform/source/mbed_os_timer.o
    0x080033f8   0x00000016   Code   RO         2567    .text._ZN4mbed8internal18timed_predicate_opD2Ev  BUILD/NUCLEO_F746ZG/ARMC6/mbed-os/platform/source/mbed_os_timer.o
    0x0800340e   0x00000002   PAD
    0x08003410   0x0000004e   Code   RO         2550    .text._ZN4mbed8internal34do_timed_sleep_relative_or_foreverENSt3__16chrono8durationIjNS1_5ratioILx1ELx1000EEEEEPFbPvES7_  BUILD/NUCLEO_F746ZG/ARMC6/mbed-os/platform/source/mbed_os_timer.o
    0x0800345e   0x00000002   PAD
    0x08003460   0x00000016   Code   RO         2583    .text._ZN4mbed8internal7OsClock13set_wake_timeENSt3__16chrono10time_pointIS1_NS3_8durationIxNS2_5ratioILx1ELx1000EEEEEEE  BUILD/NUCLEO_F746ZG/ARMC6/mbed-os/platform/source/mbed_os_timer.o
    0x08003476   0x00000002   PAD
    0x08003478   0x0000001e   Code   RO         2575    .text._ZN4mbed8internal7OsClock3nowEv  BUILD/NUCLEO_F746ZG/ARMC6/mbed-os/platform/source/mbed_os_timer.o
    0x08003496   0x00000002   PAD
    0x08003498   0x00000040   Code   RO         2079    .text._ZN4mbed8internal8SysTimerINSt3__15ratioILx1ELx1000EEELb1EE11cancel_wakeEv  BUILD/NUCLEO_F746ZG/ARMC6/mbed-os/platform/source/SysTimer.o
    0x080034d8   0x000000f4   Code   RO         2083    .text._ZN4mbed8internal8SysTimerINSt3__15ratioILx1ELx1000EEELb1EE13set_wake_timeENS2_6chrono10time_pointIS5_NS6_8durationIyS4_EEEE  BUILD/NUCLEO_F746ZG/ARMC6/mbed-os/platform/source/SysTimer.o
    0x080035cc   0x00000004   PAD
    0x080035d0   0x00000014   Code   RO         2099    .text._ZN4mbed8internal8SysTimerINSt3__15ratioILx1ELx1000EEELb1EE14_schedule_tickEv  BUILD/NUCLEO_F746ZG/ARMC6/mbed-os/platform/source/SysTimer.o
    0x080035e4   0x00000004   PAD
    0x080035e8   0x00000026   Code   RO         2119    .text._ZN4mbed8internal8SysTimerINSt3__15ratioILx1ELx1000EEELb1EE15_increment_tickEv  BUILD/NUCLEO_F746ZG/ARMC6/mbed-os/platform/source/SysTimer.o
    0x0800360e   0x00000002   PAD
    0x08003610   0x00000010   Code   RO         2097    .text._ZN4mbed8internal8SysTimerINSt3__15ratioILx1ELx1000EEELb1EE16_set_irq_pendingEv  BUILD/NUCLEO_F746ZG/ARMC6/mbed-os/platform/source/SysTimer.o
    0x08003620   0x00000070   Code   RO         2085    .text._ZN4mbed8internal8SysTimerINSt3__15ratioILx1ELx1000EEELb1EE19update_and_get_tickEv  BUILD/NUCLEO_F746ZG/ARMC6/mbed-os/platform/source/SysTimer.o
    0x08003690   0x00000046   Code   RO         2117    .text._ZN4mbed8internal8SysTimerINSt3__15ratioILx1ELx1000EEELb1EE7handlerEv  BUILD/NUCLEO_F746ZG/ARMC6/mbed-os/platform/source/SysTimer.o
    0x080036d6   0x00000002   PAD
    0x080036d8   0x0000003a   Code   RO         2073    .text._ZN4mbed8internal8SysTimerINSt3__15ratioILx1ELx1000EEELb1EEC2EPK13ticker_data_t  BUILD/NUCLEO_F746ZG/ARMC6/mbed-os/platform/source/SysTimer.o
    0x08003712   0x00000006   PAD
    0x08003718   0x00000016   Code   RO          306    .text._ZN4mstd4impl6INVOKEIN4mbed14BufferedSerialEFvvERKPS3_JEEENSt3__19enable_ifIXaaaasr3std11is_functionIT0_EE5valuentsr3std10is_base_ofIT_NS8_5decayIT1_E4typeEEE5valuentsr20is_reference_wrapperISF_EE5valueEDTcldsdeclsr3stdE7forwardISD_Efp0_Efp_spclsr3stdE7forwardIT2_Efp1_EEEE4typeEMSB_SA_OSD_DpOSG_  BUILD/NUCLEO_F746ZG/ARMC6/mbed-os/drivers/source/BufferedSerial.o
    0x0800372e   0x00000002   PAD
    0x08003730   0x00000006   Code   RO         2799    .text._ZN4mstd4impl6INVOKEIRFvvEJEEENSt3__19enable_ifIXoontsr3std17is_member_pointerINS4_5decayIT_E4typeEEE5valueaasr3std24is_member_object_pointerIS9_EE5valuenesZfp0_Li1EEDTclclsr3stdE7forwardIS7_Efp_Espclsr3stdE7forwardIT0_Efp0_EEEE4typeEOS7_DpOSA_  BUILD/NUCLEO_F746ZG/ARMC6/mbed-os/platform/source/mbed_retarget.o
    0x08003736   0x00000002   PAD
    0x08003738   0x00000008   Code   RO           87    .text._ZN4mstd4impl6INVOKEIRPFvvEJEEENSt3__19enable_ifIXoontsr3std17is_member_pointerINS5_5decayIT_E4typeEEE5valueaasr3std24is_member_object_pointerISA_EE5valuenesZfp0_Li1EEDTclclsr3stdE7forwardIS8_Efp_Espclsr3stdE7forwardIT0_Efp0_EEEE4typeEOS8_DpOSB_  BUILD/NUCLEO_F746ZG/ARMC6/main.o
    0x08003740   0x00000008   Code   RO          298    .text._ZN4mstd4impl6INVOKEIRZN4mbed8CallbackIFvvEEC1IPNS2_14BufferedSerialEMS7_FvvELi0EEET_T0_EUlvE_JEEENSt3__19enable_ifIXoontsr3std17is_member_pointerINSF_5decayISB_E4typeEEE5valueaasr3std24is_member_object_pointerISJ_EE5valuenesZfp0_Li1EEDTclclsr3stdE7forwardISB_Efp_Espclsr3stdE7forwardIT0_Efp0_EEEE4typeEOSB_DpOSK_  BUILD/NUCLEO_F746ZG/ARMC6/mbed-os/drivers/source/BufferedSerial.o
    0x08003748   0x00000008   Code   RO         2797    .text._ZN4mstd6invokeIRFvvEJEEENS_13invoke_resultIT_JDpT0_EE4typeEOS4_DpOS5_  BUILD/NUCLEO_F746ZG/ARMC6/mbed-os/platform/source/mbed_retarget.o
    0x08003750   0x00000010   Code   RO          304    .text._ZN4mstd6invokeIRKMN4mbed14BufferedSerialEFvvEJRKPS2_EEENS_13invoke_resultIT_JDpT0_EE4typeEOSB_DpOSC_  BUILD/NUCLEO_F746ZG/ARMC6/mbed-os/drivers/source/BufferedSerial.o
    0x08003760   0x00000008   Code   RO           85    .text._ZN4mstd6invokeIRPFvvEJEEENS_13invoke_resultIT_JDpT0_EE4typeEOS5_DpOS6_  BUILD/NUCLEO_F746ZG/ARMC6/main.o
    0x08003768   0x00000008   Code   RO          296    .text._ZN4mstd6invokeIRZN4mbed8CallbackIFvvEEC1IPNS1_14BufferedSerialEMS6_FvvELi0EEET_T0_EUlvE_JEEENS_13invoke_resultISA_JDpT0_EE4typeEOSA_DpOSF_  BUILD/NUCLEO_F746ZG/ARMC6/mbed-os/drivers/source/BufferedSerial.o
    0x08003770   0x0000002a   Code   RO         2793    .text._ZN4mstd9call_onceIRFvvEJEEEvRNS_9once_flagEOT_DpOT0_  BUILD/NUCLEO_F746ZG/ARMC6/mbed-os/platform/source/mbed_retarget.o
    0x0800379a   0x00000006   PAD
    0x080037a0   0x00000002   Code   RO          124    .text._ZN4rtos5Mutex4lockEv  BUILD/NUCLEO_F746ZG/ARMC6/mbed-os/drivers/source/AnalogIn.o
    0x080037a2   0x00000006   PAD
    0x080037a8   0x00000002   Code   RO          134    .text._ZN4rtos5Mutex6unlockEv  BUILD/NUCLEO_F746ZG/ARMC6/mbed-os/drivers/source/AnalogIn.o
    0x080037aa   0x00000006   PAD
    0x080037b0   0x00000002   Code   RO          130    .text._ZN4rtos5MutexC2Ev  BUILD/NUCLEO_F746ZG/ARMC6/mbed-os/drivers/source/AnalogIn.o
    0x080037b2   0x00000006   PAD
    0x080037b8   0x00000002   Code   RO          250    .text._ZN4rtos5MutexD2Ev  BUILD/NUCLEO_F746ZG/ARMC6/mbed-os/drivers/source/BufferedSerial.o
    0x080037ba   0x00000006   PAD
    0x080037c0   0x00000286   Code   RO           21    .text._ZN5Morse10char2MorseEc  BUILD/NUCLEO_F746ZG/ARMC6/Morse.o
    0x08003a46   0x00000002   PAD
    0x08003a48   0x00000054   Code   RO           17    .text._ZN5Morse10newPageSigEv  BUILD/NUCLEO_F746ZG/ARMC6/Morse.o
    0x08003a9c   0x00000004   PAD
    0x08003aa0   0x00000004   Code   RO            9    .text._ZN5Morse14timeInMillisecEi  BUILD/NUCLEO_F746ZG/ARMC6/Morse.o
    0x08003aa4   0x00000004   PAD
    0x08003aa8   0x0000003a   Code   RO           11    .text._ZN5Morse8blinkDotEi  BUILD/NUCLEO_F746ZG/ARMC6/Morse.o
    0x08003ae2   0x00000006   PAD
    0x08003ae8   0x0000008e   Code   RO           19    .text._ZN5Morse8startSigEv  BUILD/NUCLEO_F746ZG/ARMC6/Morse.o
    0x08003b76   0x00000002   PAD
    0x08003b78   0x00000028   Code   RO           13    .text._ZN5Morse8timeUnitEi  BUILD/NUCLEO_F746ZG/ARMC6/Morse.o
    0x08003ba0   0x00000046   Code   RO           15    .text._ZN5Morse9blinkDashEi  BUILD/NUCLEO_F746ZG/ARMC6/Morse.o
    0x08003be6   0x00000002   PAD
    0x08003be8   0x0000006a   Code   RO            7    .text._ZN5MorseC2EN4mbed10DigitalOutES1_S1_  BUILD/NUCLEO_F746ZG/ARMC6/Morse.o
    0x08003c52   0x00000006   PAD
    0x08003c58   0x0000002c   Code   RO         1141    .text._ZN6CThunkIN4mbed10SerialBaseEE10trampolineEP10CThunkBase  BUILD/NUCLEO_F746ZG/ARMC6/mbed-os/drivers/source/SerialBase.o
    0x08003c84   0x00000004   PAD
    0x08003c88   0x0000001c   Code   RO         1139    .text._ZN6CThunkIN4mbed10SerialBaseEE4initEPS1_MS1_FvPvES4_  BUILD/NUCLEO_F746ZG/ARMC6/mbed-os/drivers/source/SerialBase.o
    0x08003ca4   0x00000004   PAD
    0x08003ca8   0x0000001a   Code   RO         1125    .text._ZN6CThunkIN4mbed10SerialBaseEEC2EPS1_  BUILD/NUCLEO_F746ZG/ARMC6/mbed-os/drivers/source/SerialBase.o
    0x08003cc2   0x00000006   PAD
    0x08003cc8   0x00000014   Code   RO         1129    .text._ZN6CThunkIN4mbed10SerialBaseEED2Ev  BUILD/NUCLEO_F746ZG/ARMC6/mbed-os/drivers/source/SerialBase.o
    0x08003cdc   0x00000004   PAD
    0x08003ce0   0x00000004   Code   RO         1353    .text._ZNK4mbed10FileHandle11is_blockingEv  BUILD/NUCLEO_F746ZG/ARMC6/mbed-os/drivers/source/UnbufferedSerial.o
    0x08003ce4   0x00000004   PAD
    0x08003ce8   0x00000004   Code   RO         1957    .text._ZNK4mbed10FileHandle4pollEs  BUILD/NUCLEO_F746ZG/ARMC6/mbed-os/platform/source/FileHandle.o
    0x08003cec   0x00000004   PAD
    0x08003cf0   0x00000010   Code   RO           73    .text._ZNK4mbed10FileHandle8readableEv  BUILD/NUCLEO_F746ZG/ARMC6/main.o
    0x08003d00   0x00000006   Code   RO          274    .text._ZNK4mbed14BufferedSerial11is_blockingEv  BUILD/NUCLEO_F746ZG/ARMC6/mbed-os/drivers/source/BufferedSerial.o
    0x08003d06   0x00000002   PAD
    0x08003d08   0x00000018   Code   RO          218    .text._ZNK4mbed14BufferedSerial3hupEv  BUILD/NUCLEO_F746ZG/ARMC6/mbed-os/drivers/source/BufferedSerial.o
    0x08003d20   0x0000002e   Code   RO          200    .text._ZNK4mbed14BufferedSerial4pollEs  BUILD/NUCLEO_F746ZG/ARMC6/mbed-os/drivers/source/BufferedSerial.o
    0x08003d4e   0x00000002   PAD
    0x08003d50   0x00000018   Code   RO          308    .text._ZNK4mbed14CircularBufferIcLj256EjE18non_critical_emptyEv  BUILD/NUCLEO_F746ZG/ARMC6/mbed-os/drivers/source/BufferedSerial.o
    0x08003d68   0x00000006   Code   RO          264    .text._ZNK4mbed14CircularBufferIcLj256EjE4fullEv  BUILD/NUCLEO_F746ZG/ARMC6/mbed-os/drivers/source/BufferedSerial.o
    0x08003d6e   0x00000002   PAD
    0x08003d70   0x00000018   Code   RO          258    .text._ZNK4mbed14CircularBufferIcLj256EjE5emptyEv  BUILD/NUCLEO_F746ZG/ARMC6/mbed-os/drivers/source/BufferedSerial.o
    0x08003d88   0x00000010   Code   RO         1179    .text._ZNK4mbed15TickerDataClock3nowEv  BUILD/NUCLEO_F746ZG/ARMC6/mbed-os/drivers/source/Ticker.o
    0x08003d98   0x00000004   Code   RO         2089    .text._ZNK4mbed15TickerDataClockptEv  BUILD/NUCLEO_F746ZG/ARMC6/mbed-os/platform/source/SysTimer.o
    0x08003d9c   0x00000004   PAD
    0x08003da0   0x0000005c   Code   RO          763    .text._ZNK4mbed4impl7MbedCRCILj79764919ELh32ELNS_7CrcModeE2EE18do_compute_partialILS2_2EEENSt3__19enable_ifIXeqT_LS2_2EEiE4typeEPKhjPj  BUILD/NUCLEO_F746ZG/ARMC6/mbed-os/drivers/source/MbedCRC.o
    0x08003dfc   0x00000004   PAD
    0x08003e00   0x00000004   Code   RO          314    .text._ZNK4mbed6detail12CallbackBase7call_fnEv  BUILD/NUCLEO_F746ZG/ARMC6/mbed-os/drivers/source/BufferedSerial.o
    0x08003e04   0x00000004   PAD
    0x08003e08   0x00000004   Code   RO          310    .text._ZNK4mbed6detail12CallbackBase7controlEv  BUILD/NUCLEO_F746ZG/ARMC6/mbed-os/drivers/source/BufferedSerial.o
    0x08003e0c   0x00000004   PAD
    0x08003e10   0x00000030   Code   RO         1127    .text._ZNK4mbed8CallbackIFvvEE4callEv  BUILD/NUCLEO_F746ZG/ARMC6/mbed-os/drivers/source/SerialBase.o
    0x08003e40   0x00000008   Code   RO          262    .text._ZNK4mbed8CallbackIFvvEEclEv  BUILD/NUCLEO_F746ZG/ARMC6/mbed-os/drivers/source/BufferedSerial.o
    0x08003e48   0x00000010   Code   RO          260    .text._ZNK4mbed8CallbackIFvvEEcvbEv  BUILD/NUCLEO_F746ZG/ARMC6/mbed-os/drivers/source/BufferedSerial.o
    0x08003e58   0x00000020   Code   RO         2577    .text._ZNK4mbed8internal18timed_predicate_op14wake_conditionEv  BUILD/NUCLEO_F746ZG/ARMC6/mbed-os/platform/source/mbed_os_timer.o
    0x08003e78   0x00000006   Code   RO         2093    .text._ZNK4mbed8internal8SysTimerINSt3__15ratioILx1ELx1000EEELb1EE13wake_time_setEv  BUILD/NUCLEO_F746ZG/ARMC6/mbed-os/platform/source/SysTimer.o
    0x08003e7e   0x00000002   PAD
    0x08003e80   0x00000066   Code   RO         2111    .text._ZNK4mbed8internal8SysTimerINSt3__15ratioILx1ELx1000EEELb1EE14_elapsed_ticksEv  BUILD/NUCLEO_F746ZG/ARMC6/mbed-os/platform/source/SysTimer.o
    0x08003ee6   0x00000002   PAD
    0x08003ee8   0x00000006   Code   RO         2091    .text._ZNK4mbed8internal8SysTimerINSt3__15ratioILx1ELx1000EEELb1EE16wake_time_passedEv  BUILD/NUCLEO_F746ZG/ARMC6/mbed-os/platform/source/SysTimer.o
    0x08003eee   0x00000002   PAD
    0x08003ef0   0x00000012   Code   RO         2087    .text._ZNK4mbed8internal8SysTimerINSt3__15ratioILx1ELx1000EEELb1EE8get_tickEv  BUILD/NUCLEO_F746ZG/ARMC6/mbed-os/platform/source/SysTimer.o
    0x08003f02   0x00000006   PAD
    0x08003f08   0x0000000c   Code   RO          230    .text._ZThn228_N4mbed14BufferedSerial12enable_inputEb  BUILD/NUCLEO_F746ZG/ARMC6/mbed-os/drivers/source/BufferedSerial.o
    0x08003f14   0x00000004   PAD
    0x08003f18   0x00000006   Code   RO          282    .text._ZThn228_N4mbed14BufferedSerial12set_blockingEb  BUILD/NUCLEO_F746ZG/ARMC6/mbed-os/drivers/source/BufferedSerial.o
    0x08003f1e   0x00000002   PAD
    0x08003f20   0x0000000c   Code   RO          234    .text._ZThn228_N4mbed14BufferedSerial13enable_outputEb  BUILD/NUCLEO_F746ZG/ARMC6/mbed-os/drivers/source/BufferedSerial.o
    0x08003f2c   0x00000004   PAD
    0x08003f30   0x00000006   Code   RO          216    .text._ZThn228_N4mbed14BufferedSerial4readEPvj  BUILD/NUCLEO_F746ZG/ARMC6/mbed-os/drivers/source/BufferedSerial.o
    0x08003f36   0x00000002   PAD
    0x08003f38   0x00000006   Code   RO          192    .text._ZThn228_N4mbed14BufferedSerial4seekEli  BUILD/NUCLEO_F746ZG/ARMC6/mbed-os/drivers/source/BufferedSerial.o
    0x08003f3e   0x00000002   PAD
    0x08003f40   0x0000000c   Code   RO          196    .text._ZThn228_N4mbed14BufferedSerial4syncEv  BUILD/NUCLEO_F746ZG/ARMC6/mbed-os/drivers/source/BufferedSerial.o
    0x08003f4c   0x00000004   PAD
    0x08003f50   0x00000004   Code   RO          184    .text._ZThn228_N4mbed14BufferedSerial5closeEv  BUILD/NUCLEO_F746ZG/ARMC6/mbed-os/drivers/source/BufferedSerial.o
    0x08003f54   0x00000004   PAD
    0x08003f58   0x00000016   Code   RO          202    .text._ZThn228_N4mbed14BufferedSerial5sigioENS_8CallbackIFvvEEE  BUILD/NUCLEO_F746ZG/ARMC6/mbed-os/drivers/source/BufferedSerial.o
    0x08003f6e   0x00000002   PAD
    0x08003f70   0x00000006   Code   RO          212    .text._ZThn228_N4mbed14BufferedSerial5writeEPKvj  BUILD/NUCLEO_F746ZG/ARMC6/mbed-os/drivers/source/BufferedSerial.o
    0x08003f76   0x00000002   PAD
    0x08003f78   0x00000004   Code   RO          188    .text._ZThn228_N4mbed14BufferedSerial6isattyEv  BUILD/NUCLEO_F746ZG/ARMC6/mbed-os/drivers/source/BufferedSerial.o
    0x08003f7c   0x00000004   PAD
    0x08003f80   0x00000006   Code   RO          164    .text._ZThn228_N4mbed14BufferedSerialD0Ev  BUILD/NUCLEO_F746ZG/ARMC6/mbed-os/drivers/source/BufferedSerial.o
    0x08003f86   0x00000002   PAD
    0x08003f88   0x00000006   Code   RO          160    .text._ZThn228_N4mbed14BufferedSerialD1Ev  BUILD/NUCLEO_F746ZG/ARMC6/mbed-os/drivers/source/BufferedSerial.o
    0x08003f8e   0x00000002   PAD
    0x08003f90   0x00000006   Code   RO          284    .text._ZThn228_NK4mbed14BufferedSerial11is_blockingEv  BUILD/NUCLEO_F746ZG/ARMC6/mbed-os/drivers/source/BufferedSerial.o
    0x08003f96   0x00000002   PAD
    0x08003f98   0x00000008   Code   RO          220    .text._ZThn228_NK4mbed14BufferedSerial4pollEs  BUILD/NUCLEO_F746ZG/ARMC6/mbed-os/drivers/source/BufferedSerial.o
    0x08003fa0   0x0000000c   Code   RO          300    .text._ZZN4mbed8CallbackIFvvEEC1IPNS_14BufferedSerialEMS4_FvvELi0EEET_T0_ENKUlvE_clEv  BUILD/NUCLEO_F746ZG/ARMC6/mbed-os/drivers/source/BufferedSerial.o
    0x08003fac   0x00000004   PAD
    0x08003fb0   0x00000008   Code   RO         2735    .text._ZdlPv        BUILD/NUCLEO_F746ZG/ARMC6/mbed-os/platform/source/mbed_retarget.o
    0x08003fb8   0x00000010   Code   RO         8936    .text.__NVIC_ClearPendingIRQ  BUILD/NUCLEO_F746ZG/ARMC6/mbed-os/targets/TARGET_STM/lp_ticker.o
    0x08003fc8   0x00000028   Code   RO         8419    .text.__NVIC_DisableIRQ  BUILD/NUCLEO_F746ZG/ARMC6/mbed-os/targets/TARGET_STM/TARGET_STM32F7/serial_device.o
    0x08003ff0   0x00000018   Code   RO         8934    .text.__NVIC_DisableIRQ  BUILD/NUCLEO_F746ZG/ARMC6/mbed-os/targets/TARGET_STM/lp_ticker.o
    0x08004008   0x00000020   Code   RO         8417    .text.__NVIC_EnableIRQ  BUILD/NUCLEO_F746ZG/ARMC6/mbed-os/targets/TARGET_STM/TARGET_STM32F7/serial_device.o
    0x08004028   0x00000010   Code   RO         8926    .text.__NVIC_EnableIRQ  BUILD/NUCLEO_F746ZG/ARMC6/mbed-os/targets/TARGET_STM/lp_ticker.o
    0x08004038   0x00000010   Code   RO         9314    .text.__NVIC_EnableIRQ  BUILD/NUCLEO_F746ZG/ARMC6/mbed-os/targets/TARGET_STM/us_ticker.o
    0x08004048   0x00000010   Code   RO         8932    .text.__NVIC_SetPendingIRQ  BUILD/NUCLEO_F746ZG/ARMC6/mbed-os/targets/TARGET_STM/lp_ticker.o
    0x08004058   0x00000020   Code   RO         4028    .text.__NVIC_SetPriorityGrouping  BUILD/NUCLEO_F746ZG/ARMC6/mbed-os/targets/TARGET_STM/TARGET_STM32F7/STM32Cube_FW/STM32F7xx_HAL_Driver/stm32f7xx_hal_cortex.o
    0x08004078   0x00000018   Code   RO         8415    .text.__NVIC_SetVector  BUILD/NUCLEO_F746ZG/ARMC6/mbed-os/targets/TARGET_STM/TARGET_STM32F7/serial_device.o
    0x08004090   0x0000001c   Code   RO         8918    .text.__NVIC_SetVector  BUILD/NUCLEO_F746ZG/ARMC6/mbed-os/targets/TARGET_STM/lp_ticker.o
    0x080040ac   0x00000004   PAD
    0x080040b0   0x0000001c   Code   RO         9312    .text.__NVIC_SetVector  BUILD/NUCLEO_F746ZG/ARMC6/mbed-os/targets/TARGET_STM/us_ticker.o
    0x080040cc   0x00000004   PAD
    0x080040d0   0x00000024   Code   RO         2452    .text.__NVIC_SystemReset  BUILD/NUCLEO_F746ZG/ARMC6/mbed-os/platform/source/mbed_error.o
    0x080040f4   0x00000004   PAD
    0x080040f8   0x00000058   Code   RO         2721    .text.__cxa_guard_acquire  BUILD/NUCLEO_F746ZG/ARMC6/mbed-os/platform/source/mbed_retarget.o
    0x08004150   0x0000002e   Code   RO         2723    .text.__cxa_guard_release  BUILD/NUCLEO_F746ZG/ARMC6/mbed-os/platform/source/mbed_retarget.o
    0x0800417e   0x00000002   PAD
    0x08004180   0x00000028   Code   RO         9415    .text.__cxa_pure_virtual  c:\Users\nmeda\AppData\Local\Mbed Studio\mbed-studio-tools\ac6\bin\..\lib\libcxx\libcppabi_w.l(cxa_virtual.cpp.o)
    0x080041a8   0x00000018   Code   RO           46    .text.__cxx_global_var_init  BUILD/NUCLEO_F746ZG/ARMC6/main.o
    0x080041c0   0x00000008   Code   RO         2681    .text.__user_setup_stackheap  BUILD/NUCLEO_F746ZG/ARMC6/mbed-os/platform/source/mbed_retarget.o
    0x080041c8   0x00000030   Code   RO         1508    .text._gpio_init_out  BUILD/NUCLEO_F746ZG/ARMC6/mbed-os/hal/source/mbed_gpio.o
    0x080041f8   0x00000034   Code   RO         2679    .text._mbed_user_setup_stackheap  BUILD/NUCLEO_F746ZG/ARMC6/mbed-os/platform/source/mbed_retarget.o
    0x0800422c   0x00000004   PAD
    0x08004230   0x00000008   Code   RO         2839    .text._platform_post_stackheap_init  BUILD/NUCLEO_F746ZG/ARMC6/mbed-os/platform/source/mbed_sdk_boot.o
    0x08004238   0x00000220   Code   RO         9128    .text._serial_init_direct  BUILD/NUCLEO_F746ZG/ARMC6/mbed-os/targets/TARGET_STM/serial_api.o
    0x08004458   0x00000028   Code   RO         2647    .text._sys_open     BUILD/NUCLEO_F746ZG/ARMC6/mbed-os/platform/source/mbed_retarget.o
    0x08004480   0x00000006   Code   RO         2673    .text._sys_seek     BUILD/NUCLEO_F746ZG/ARMC6/mbed-os/platform/source/mbed_retarget.o
    0x08004486   0x00000002   PAD
    0x08004488   0x000000fc   Code   RO         2651    .text._sys_write    BUILD/NUCLEO_F746ZG/ARMC6/mbed-os/platform/source/mbed_retarget.o
    0x08004584   0x00000004   PAD
    0x08004588   0x00000030   Code   RO         1613    .text._ticker_match_interval_passed  BUILD/NUCLEO_F746ZG/ARMC6/mbed-os/hal/source/mbed_ticker_api.o
    0x080045b8   0x00000008   Code   RO         2890    .text._wait_us_inline  BUILD/NUCLEO_F746ZG/ARMC6/mbed-os/platform/source/mbed_wait_api_no_rtos.o
    0x080045c0   0x00000016   Code   RO         2892    .text._wait_us_ticks  BUILD/NUCLEO_F746ZG/ARMC6/mbed-os/platform/source/mbed_wait_api_no_rtos.o
    0x080045d6   0x00000004   Code   RO         9546    .text.abort_message  c:\Users\nmeda\AppData\Local\Mbed Studio\mbed-studio-tools\ac6\bin\..\lib\libcxx\libcppabi_w.l(abort_message.cpp.o)
    0x080045da   0x00000006   PAD
    0x080045e0   0x0000000c   Code   RO         1472    .text.are_interrupts_enabled  BUILD/NUCLEO_F746ZG/ARMC6/mbed-os/hal/source/mbed_critical_section_api.o
    0x080045ec   0x00000004   PAD
    0x080045f0   0x00000002   Code   RO         1669    .text.block_us_ticker_free  BUILD/NUCLEO_F746ZG/ARMC6/mbed-os/hal/source/mbed_us_ticker_api.o
    0x080045f2   0x00000006   PAD
    0x080045f8   0x00000134   Code   RO         8667    .text.can_irq       BUILD/NUCLEO_F746ZG/ARMC6/mbed-os/targets/TARGET_STM/can_api.o
    0x0800472c   0x00000004   PAD
    0x08004730   0x00000068   Code   RO         1653    .text.compute_tick_round_up  BUILD/NUCLEO_F746ZG/ARMC6/mbed-os/hal/source/mbed_ticker_api.o
    0x08004798   0x0000000c   Code   RO         2388    .text.core_util_are_interrupts_enabled  BUILD/NUCLEO_F746ZG/ARMC6/mbed-os/platform/source/mbed_critical.o
    0x080047a4   0x00000004   PAD
    0x080047a8   0x00000012   Code   RO         2283    .text.core_util_atomic_decr_u16  BUILD/NUCLEO_F746ZG/ARMC6/mbed-os/platform/source/mbed_atomic_impl.o
    0x080047ba   0x00000006   PAD
    0x080047c0   0x00000010   Code   RO         2269    .text.core_util_atomic_exchange_u8  BUILD/NUCLEO_F746ZG/ARMC6/mbed-os/platform/source/mbed_atomic_impl.o
    0x080047d0   0x00000016   Code   RO         2267    .text.core_util_atomic_flag_test_and_set  BUILD/NUCLEO_F746ZG/ARMC6/mbed-os/platform/source/mbed_atomic_impl.o
    0x080047e6   0x00000002   PAD
    0x080047e8   0x00000012   Code   RO         2277    .text.core_util_atomic_incr_u16  BUILD/NUCLEO_F746ZG/ARMC6/mbed-os/platform/source/mbed_atomic_impl.o
    0x080047fa   0x00000006   PAD
    0x08004800   0x00000016   Code   RO         2329    .text.core_util_atomic_load_u64  BUILD/NUCLEO_F746ZG/ARMC6/mbed-os/platform/source/mbed_atomic_impl.o
    0x08004816   0x00000002   PAD
    0x08004818   0x00000084   Code   RO         2394    .text.core_util_critical_section_enter  BUILD/NUCLEO_F746ZG/ARMC6/mbed-os/platform/source/mbed_critical.o
    0x0800489c   0x00000004   PAD
    0x080048a0   0x0000001c   Code   RO         2396    .text.core_util_critical_section_exit  BUILD/NUCLEO_F746ZG/ARMC6/mbed-os/platform/source/mbed_critical.o
    0x080048bc   0x00000004   PAD
    0x080048c0   0x00000008   Code   RO         2392    .text.core_util_in_critical_section  BUILD/NUCLEO_F746ZG/ARMC6/mbed-os/platform/source/mbed_critical.o
    0x080048c8   0x0000000c   Code   RO         2390    .text.core_util_is_isr_active  BUILD/NUCLEO_F746ZG/ARMC6/mbed-os/platform/source/mbed_critical.o
    0x080048d4   0x00000004   PAD
    0x080048d8   0x00000054   Code   RO         9136    .text.debug         BUILD/NUCLEO_F746ZG/ARMC6/mbed-os/targets/TARGET_STM/serial_api.o
    0x0800492c   0x00000004   PAD
    0x08004930   0x00000068   Code   RO         2406    .text.error         BUILD/NUCLEO_F746ZG/ARMC6/mbed-os/platform/source/mbed_error.o
    0x08004998   0x0000001a   Code   RO         1651    .text.exact_log2    BUILD/NUCLEO_F746ZG/ARMC6/mbed-os/hal/source/mbed_ticker_api.o
    0x080049b2   0x00000006   PAD
    0x080049b8   0x00000022   Code   RO         2693    .text.exit          BUILD/NUCLEO_F746ZG/ARMC6/mbed-os/platform/source/mbed_retarget.o
    0x080049da   0x00000006   PAD
    0x080049e0   0x0000001a   Code   RO         1649    .text.gcd           BUILD/NUCLEO_F746ZG/ARMC6/mbed-os/hal/source/mbed_ticker_api.o
    0x080049fa   0x00000006   PAD
    0x08004a00   0x0000000a   Code   RO         1534    .text.get_lp_ticker_data  BUILD/NUCLEO_F746ZG/ARMC6/mbed-os/hal/source/mbed_lp_ticker_api.o
    0x08004a0a   0x00000006   PAD
    0x08004a10   0x000000c0   Code   RO         9156    .text.get_uart_index  BUILD/NUCLEO_F746ZG/ARMC6/mbed-os/targets/TARGET_STM/serial_api.o
    0x08004ad0   0x00000016   Code   RO         8708    .text.gpio_dir      BUILD/NUCLEO_F746ZG/ARMC6/mbed-os/targets/TARGET_STM/gpio_api.o
    0x08004ae6   0x00000002   PAD
    0x08004ae8   0x00000046   Code   RO         8704    .text.gpio_init     BUILD/NUCLEO_F746ZG/ARMC6/mbed-os/targets/TARGET_STM/gpio_api.o
    0x08004b2e   0x00000002   PAD
    0x08004b30   0x0000000a   Code   RO         1504    .text.gpio_init_out  BUILD/NUCLEO_F746ZG/ARMC6/mbed-os/hal/source/mbed_gpio.o
    0x08004b3a   0x00000006   PAD
    0x08004b40   0x0000000c   Code   RO         1506    .text.gpio_init_out_ex  BUILD/NUCLEO_F746ZG/ARMC6/mbed-os/hal/source/mbed_gpio.o
    0x08004b4c   0x00000004   PAD
    0x08004b50   0x0000000c   Code   RO         8706    .text.gpio_mode     BUILD/NUCLEO_F746ZG/ARMC6/mbed-os/targets/TARGET_STM/gpio_api.o
    0x08004b5c   0x00000004   PAD
    0x08004b60   0x00000064   Code   RO         8702    .text.gpio_set      BUILD/NUCLEO_F746ZG/ARMC6/mbed-os/targets/TARGET_STM/gpio_api.o
    0x08004bc4   0x00000004   PAD
    0x08004bc8   0x00000014   Code   RO         1496    .text.gpio_write    BUILD/NUCLEO_F746ZG/ARMC6/mbed-os/hal/source/mbed_gpio.o
    0x08004bdc   0x00000004   PAD
    0x08004be0   0x00000014   Code   RO         2369    .text.gpio_write    BUILD/NUCLEO_F746ZG/ARMC6/mbed-os/platform/source/mbed_board.o
    0x08004bf4   0x00000004   PAD
    0x08004bf8   0x0000002c   Code   RO         1470    .text.hal_critical_section_enter  BUILD/NUCLEO_F746ZG/ARMC6/mbed-os/hal/source/mbed_critical_section_api.o
    0x08004c24   0x00000004   PAD
    0x08004c28   0x00000084   Code   RO         1474    .text.hal_critical_section_exit  BUILD/NUCLEO_F746ZG/ARMC6/mbed-os/hal/source/mbed_critical_section_api.o
    0x08004cac   0x00000004   PAD
    0x08004cb0   0x0000000c   Code   RO         1476    .text.hal_in_critical_section  BUILD/NUCLEO_F746ZG/ARMC6/mbed-os/hal/source/mbed_critical_section_api.o
    0x08004cbc   0x00000004   PAD
    0x08004cc0   0x0000001c   Code   RO         9175    .text.hal_sleep     BUILD/NUCLEO_F746ZG/ARMC6/mbed-os/targets/TARGET_STM/sleep.o
    0x08004cdc   0x00000004   PAD
    0x08004ce0   0x00000104   Code   RO         2408    .text.handle_error  BUILD/NUCLEO_F746ZG/ARMC6/mbed-os/platform/source/mbed_error.o
    0x08004de4   0x00000004   PAD
    0x08004de8   0x0000009e   Code   RO         9310    .text.init_32bit_timer  BUILD/NUCLEO_F746ZG/ARMC6/mbed-os/targets/TARGET_STM/us_ticker.o
    0x08004e86   0x00000002   PAD
    0x08004e88   0x00000076   Code   RO         9134    .text.init_uart     BUILD/NUCLEO_F746ZG/ARMC6/mbed-os/targets/TARGET_STM/serial_api.o
    0x08004efe   0x00000002   PAD
    0x08004f00   0x00000158   Code   RO         1617    .text.initialize    BUILD/NUCLEO_F746ZG/ARMC6/mbed-os/hal/source/mbed_ticker_api.o
    0x08005058   0x00000062   Code   RO         1631    .text.insert_event  BUILD/NUCLEO_F746ZG/ARMC6/mbed-os/hal/source/mbed_ticker_api.o
    0x080050ba   0x00000006   PAD
    0x080050c0   0x0000001e   Code   RO         8928    .text.lp_ticker_clear_interrupt  BUILD/NUCLEO_F746ZG/ARMC6/mbed-os/targets/TARGET_STM/lp_ticker.o
    0x080050de   0x00000002   PAD
    0x080050e0   0x00000062   Code   RO         8916    .text.lp_ticker_disable_interrupt  BUILD/NUCLEO_F746ZG/ARMC6/mbed-os/targets/TARGET_STM/lp_ticker.o
    0x08005142   0x00000006   PAD
    0x08005148   0x0000002c   Code   RO         8930    .text.lp_ticker_fire_interrupt  BUILD/NUCLEO_F746ZG/ARMC6/mbed-os/targets/TARGET_STM/lp_ticker.o
    0x08005174   0x00000004   PAD
    0x08005178   0x00000008   Code   RO         8938    .text.lp_ticker_free  BUILD/NUCLEO_F746ZG/ARMC6/mbed-os/targets/TARGET_STM/lp_ticker.o
    0x08005180   0x0000000a   Code   RO         8912    .text.lp_ticker_get_info  BUILD/NUCLEO_F746ZG/ARMC6/mbed-os/targets/TARGET_STM/lp_ticker.o
    0x0800518a   0x00000006   PAD
    0x08005190   0x00000184   Code   RO         8914    .text.lp_ticker_init  BUILD/NUCLEO_F746ZG/ARMC6/mbed-os/targets/TARGET_STM/lp_ticker.o
    0x08005314   0x00000004   PAD
    0x08005318   0x0000001e   Code   RO         1538    .text.lp_ticker_irq_handler  BUILD/NUCLEO_F746ZG/ARMC6/mbed-os/hal/source/mbed_lp_ticker_api.o
    0x08005336   0x00000002   PAD
    0x08005338   0x00000012   Code   RO         8922    .text.lp_ticker_read  BUILD/NUCLEO_F746ZG/ARMC6/mbed-os/targets/TARGET_STM/lp_ticker.o
    0x0800534a   0x00000006   PAD
    0x08005350   0x000000e4   Code   RO         8924    .text.lp_ticker_set_interrupt  BUILD/NUCLEO_F746ZG/ARMC6/mbed-os/targets/TARGET_STM/lp_ticker.o
    0x08005434   0x00000004   PAD
    0x08005438   0x00000140   Code   RO           48    .text.main          BUILD/NUCLEO_F746ZG/ARMC6/main.o
    0x08005578   0x0000001a   Code   RO         2258    .text.mbed_assert_internal  BUILD/NUCLEO_F746ZG/ARMC6/mbed-os/platform/source/mbed_assert.o
    0x08005592   0x00000006   PAD
    0x08005598   0x0000002c   Code   RO         2831    .text.mbed_copy_nvic  BUILD/NUCLEO_F746ZG/ARMC6/mbed-os/platform/source/mbed_sdk_boot.o
    0x080055c4   0x00000004   PAD
    0x080055c8   0x0000006c   Code   RO         2371    .text.mbed_die      BUILD/NUCLEO_F746ZG/ARMC6/mbed-os/platform/source/mbed_board.o
    0x08005634   0x00000004   PAD
    0x08005638   0x00000128   Code   RO         2430    .text.mbed_error    BUILD/NUCLEO_F746ZG/ARMC6/mbed-os/platform/source/mbed_error.o
    0x08005760   0x00000002   Code   RO         2414    .text.mbed_error_hook  BUILD/NUCLEO_F746ZG/ARMC6/mbed-os/platform/source/mbed_error.o
    0x08005762   0x00000006   PAD
    0x08005768   0x0000006a   Code   RO         2418    .text.mbed_error_initialize  BUILD/NUCLEO_F746ZG/ARMC6/mbed-os/platform/source/mbed_error.o
    0x080057d2   0x00000006   PAD
    0x080057d8   0x00000014   Code   RO         2450    .text.mbed_error_is_hw_fault  BUILD/NUCLEO_F746ZG/ARMC6/mbed-os/platform/source/mbed_error.o
    0x080057ec   0x00000004   PAD
    0x080057f0   0x00000020   Code   RO         2373    .text.mbed_error_printf  BUILD/NUCLEO_F746ZG/ARMC6/mbed-os/platform/source/mbed_board.o
    0x08005810   0x00000052   Code   RO         2377    .text.mbed_error_puts  BUILD/NUCLEO_F746ZG/ARMC6/mbed-os/platform/source/mbed_board.o
    0x08005862   0x00000006   PAD
    0x08005868   0x00000002   Code   RO         2416    .text.mbed_error_reboot_callback  BUILD/NUCLEO_F746ZG/ARMC6/mbed-os/platform/source/mbed_error.o
    0x0800586a   0x00000006   PAD
    0x08005870   0x00000034   Code   RO         2375    .text.mbed_error_vprintf  BUILD/NUCLEO_F746ZG/ARMC6/mbed-os/platform/source/mbed_board.o
    0x080058a4   0x00000004   PAD
    0x080058a8   0x000000f8   Code   RO         2219    .text.mbed_fault_handler  BUILD/NUCLEO_F746ZG/ARMC6/mbed-os/platform/source/TARGET_CORTEX_M/mbed_fault_handler.o
    0x080059a0   0x00000032   Code   RO         2412    .text.mbed_halt_system  BUILD/NUCLEO_F746ZG/ARMC6/mbed-os/platform/source/mbed_error.o
    0x080059d2   0x00000006   PAD
    0x080059d8   0x00000010   Code   RO         2833    .text.mbed_init     BUILD/NUCLEO_F746ZG/ARMC6/mbed-os/platform/source/mbed_sdk_boot.o
    0x080059e8   0x00000002   Code   RO         2825    .text.mbed_main     BUILD/NUCLEO_F746ZG/ARMC6/mbed-os/platform/source/mbed_sdk_boot.o
    0x080059ea   0x00000006   PAD
    0x080059f0   0x000003c8   Code   RO         3045    .text.mbed_minimal_formatted_string  BUILD/NUCLEO_F746ZG/ARMC6/mbed-os/platform/source/minimal-printf/mbed_printf_implementation.o
    0x08005db8   0x00000174   Code   RO         3049    .text.mbed_minimal_formatted_string_integer  BUILD/NUCLEO_F746ZG/ARMC6/mbed-os/platform/source/minimal-printf/mbed_printf_implementation.o
    0x08005f2c   0x00000004   PAD
    0x08005f30   0x0000003e   Code   RO         3053    .text.mbed_minimal_formatted_string_string  BUILD/NUCLEO_F746ZG/ARMC6/mbed-os/platform/source/minimal-printf/mbed_printf_implementation.o
    0x08005f6e   0x00000002   PAD
    0x08005f70   0x00000050   Code   RO         3055    .text.mbed_minimal_formatted_string_void_pointer  BUILD/NUCLEO_F746ZG/ARMC6/mbed-os/platform/source/minimal-printf/mbed_printf_implementation.o
    0x08005fc0   0x00000042   Code   RO         3051    .text.mbed_minimal_putchar  BUILD/NUCLEO_F746ZG/ARMC6/mbed-os/platform/source/minimal-printf/mbed_printf_implementation.o
    0x08006002   0x00000006   PAD
    0x08006008   0x000000ce   Code   RO         8981    .text.mbed_sdk_init  BUILD/NUCLEO_F746ZG/ARMC6/mbed-os/targets/TARGET_STM/mbed_overrides.o
    0x080060d6   0x00000002   PAD
    0x080060d8   0x00000028   Code   RO          726    .text.mbed_tiny_compute_crc32  BUILD/NUCLEO_F746ZG/ARMC6/mbed-os/drivers/source/MbedCRC.o
    0x08006100   0x00000008   Code   RO         2837    .text.mbed_toolchain_init  BUILD/NUCLEO_F746ZG/ARMC6/mbed-os/platform/source/mbed_sdk_boot.o
    0x08006108   0x0000003a   Code   RO         3047    .text.parse_string_to_integer  BUILD/NUCLEO_F746ZG/ARMC6/mbed-os/platform/source/minimal-printf/mbed_printf_implementation.o
    0x08006142   0x00000006   PAD
    0x08006148   0x000000c4   Code   RO         8997    .text.pin_function  BUILD/NUCLEO_F746ZG/ARMC6/mbed-os/targets/TARGET_STM/pinmap.o
    0x0800620c   0x00000004   PAD
    0x08006210   0x0000007c   Code   RO         9009    .text.pin_mode      BUILD/NUCLEO_F746ZG/ARMC6/mbed-os/targets/TARGET_STM/pinmap.o
    0x0800628c   0x00000004   PAD
    0x08006290   0x00000026   Code   RO         1565    .text.pinmap_find_function  BUILD/NUCLEO_F746ZG/ARMC6/mbed-os/hal/source/mbed_pinmap_common.o
    0x080062b6   0x00000002   PAD
    0x080062b8   0x00000028   Code   RO         1561    .text.pinmap_find_peripheral  BUILD/NUCLEO_F746ZG/ARMC6/mbed-os/hal/source/mbed_pinmap_common.o
    0x080062e0   0x00000048   Code   RO         1559    .text.pinmap_merge  BUILD/NUCLEO_F746ZG/ARMC6/mbed-os/hal/source/mbed_pinmap_common.o
    0x08006328   0x00000058   Code   RO         1563    .text.pinmap_peripheral  BUILD/NUCLEO_F746ZG/ARMC6/mbed-os/hal/source/mbed_pinmap_common.o
    0x08006380   0x0000015c   Code   RO         2221    .text.print_context_info  BUILD/NUCLEO_F746ZG/ARMC6/mbed-os/platform/source/TARGET_CORTEX_M/mbed_fault_handler.o
    0x080064dc   0x00000004   PAD
    0x080064e0   0x000001b0   Code   RO         2410    .text.print_error_report  BUILD/NUCLEO_F746ZG/ARMC6/mbed-os/platform/source/mbed_error.o
    0x08006690   0x000000cc   Code   RO         1625    .text.schedule_interrupt  BUILD/NUCLEO_F746ZG/ARMC6/mbed-os/hal/source/mbed_ticker_api.o
    0x0800675c   0x00000004   PAD
    0x08006760   0x00000018   Code   RO         9132    .text.serial_baud   BUILD/NUCLEO_F746ZG/ARMC6/mbed-os/targets/TARGET_STM/serial_api.o
    0x08006778   0x000001ea   Code   RO         9130    .text.serial_free   BUILD/NUCLEO_F746ZG/ARMC6/mbed-os/targets/TARGET_STM/serial_api.o
    0x08006962   0x00000006   PAD
    0x08006968   0x0000007a   Code   RO         8421    .text.serial_getc   BUILD/NUCLEO_F746ZG/ARMC6/mbed-os/targets/TARGET_STM/TARGET_STM32F7/serial_device.o
    0x080069e2   0x00000006   PAD
    0x080069e8   0x000000dc   Code   RO         9126    .text.serial_init   BUILD/NUCLEO_F746ZG/ARMC6/mbed-os/targets/TARGET_STM/serial_api.o
    0x08006ac4   0x00000004   PAD
    0x08006ac8   0x00000012   Code   RO         1716    .text.serial_init_direct  BUILD/NUCLEO_F746ZG/ARMC6/mbed-os/hal/source/static_pinmap.o
    0x08006ada   0x00000006   PAD
    0x08006ae0   0x0000001a   Code   RO         8395    .text.serial_irq_handler  BUILD/NUCLEO_F746ZG/ARMC6/mbed-os/targets/TARGET_STM/TARGET_STM32F7/serial_device.o
    0x08006afa   0x00000006   PAD
    0x08006b00   0x0000015a   Code   RO         8397    .text.serial_irq_set  BUILD/NUCLEO_F746ZG/ARMC6/mbed-os/targets/TARGET_STM/TARGET_STM32F7/serial_device.o
    0x08006c5a   0x00000006   PAD
    0x08006c60   0x0000002a   Code   RO         8423    .text.serial_putc   BUILD/NUCLEO_F746ZG/ARMC6/mbed-os/targets/TARGET_STM/TARGET_STM32F7/serial_device.o
    0x08006c8a   0x00000006   PAD
    0x08006c90   0x00000024   Code   RO         9148    .text.serial_readable  BUILD/NUCLEO_F746ZG/ARMC6/mbed-os/targets/TARGET_STM/serial_api.o
    0x08006cb4   0x00000004   PAD
    0x08006cb8   0x0000001a   Code   RO         9150    .text.serial_writable  BUILD/NUCLEO_F746ZG/ARMC6/mbed-os/targets/TARGET_STM/serial_api.o
    0x08006cd2   0x00000006   PAD
    0x08006cd8   0x00000006   Code   RO         1619    .text.set_handler   BUILD/NUCLEO_F746ZG/ARMC6/mbed-os/hal/source/mbed_ticker_api.o
    0x08006cde   0x00000002   PAD
    0x08006ce0   0x00000058   Code   RO         2610    .text.sleep_manager_lock_deep_sleep_internal  BUILD/NUCLEO_F746ZG/ARMC6/mbed-os/platform/source/mbed_power_mgmt.o
    0x08006d38   0x00000010   Code   RO         2618    .text.sleep_manager_sleep_auto  BUILD/NUCLEO_F746ZG/ARMC6/mbed-os/platform/source/mbed_power_mgmt.o
    0x08006d48   0x00000058   Code   RO         2612    .text.sleep_manager_unlock_deep_sleep_internal  BUILD/NUCLEO_F746ZG/ARMC6/mbed-os/platform/source/mbed_power_mgmt.o
    0x08006da0   0x00000018   Code   RO         9007    .text.stm_pin_PullConfig  BUILD/NUCLEO_F746ZG/ARMC6/mbed-os/targets/TARGET_STM/pinmap.o
    0x08006db8   0x00000022   Code   RO         9001    .text.stm_pin_SetAFPin  BUILD/NUCLEO_F746ZG/ARMC6/mbed-os/targets/TARGET_STM/pinmap.o
    0x08006dda   0x00000006   PAD
    0x08006de0   0x00000004   Code   RO         2432    .text.system_reset  BUILD/NUCLEO_F746ZG/ARMC6/mbed-os/platform/source/mbed_error.o
    0x08006de4   0x00000004   PAD
    0x08006de8   0x0000000c   Code   RO         2876    .text.thread_sleep_for  BUILD/NUCLEO_F746ZG/ARMC6/mbed-os/platform/source/mbed_thread.o
    0x08006df4   0x00000004   PAD
    0x08006df8   0x00000036   Code   RO         1633    .text.ticker_insert_event_us  BUILD/NUCLEO_F746ZG/ARMC6/mbed-os/hal/source/mbed_ticker_api.o
    0x08006e2e   0x00000002   PAD
    0x08006e30   0x0000006e   Code   RO         1621    .text.ticker_irq_handler  BUILD/NUCLEO_F746ZG/ARMC6/mbed-os/hal/source/mbed_ticker_api.o
    0x08006e9e   0x00000002   PAD
    0x08006ea0   0x00000022   Code   RO         1639    .text.ticker_read_us  BUILD/NUCLEO_F746ZG/ARMC6/mbed-os/hal/source/mbed_ticker_api.o
    0x08006ec2   0x00000006   PAD
    0x08006ec8   0x00000038   Code   RO         1635    .text.ticker_remove_event  BUILD/NUCLEO_F746ZG/ARMC6/mbed-os/hal/source/mbed_ticker_api.o
    0x08006f00   0x0000001c   Code   RO         1615    .text.ticker_set_handler  BUILD/NUCLEO_F746ZG/ARMC6/mbed-os/hal/source/mbed_ticker_api.o
    0x08006f1c   0x00000004   PAD
    0x08006f20   0x00000036   Code   RO         9308    .text.timer_irq_handler  BUILD/NUCLEO_F746ZG/ARMC6/mbed-os/targets/TARGET_STM/us_ticker.o
    0x08006f56   0x00000002   PAD
    0x08006f58   0x00000010   Code   RO         8399    .text.uart1_irq     BUILD/NUCLEO_F746ZG/ARMC6/mbed-os/targets/TARGET_STM/TARGET_STM32F7/serial_device.o
    0x08006f68   0x00000010   Code   RO         8401    .text.uart2_irq     BUILD/NUCLEO_F746ZG/ARMC6/mbed-os/targets/TARGET_STM/TARGET_STM32F7/serial_device.o
    0x08006f78   0x00000010   Code   RO         8403    .text.uart3_irq     BUILD/NUCLEO_F746ZG/ARMC6/mbed-os/targets/TARGET_STM/TARGET_STM32F7/serial_device.o
    0x08006f88   0x00000010   Code   RO         8405    .text.uart4_irq     BUILD/NUCLEO_F746ZG/ARMC6/mbed-os/targets/TARGET_STM/TARGET_STM32F7/serial_device.o
    0x08006f98   0x00000010   Code   RO         8407    .text.uart5_irq     BUILD/NUCLEO_F746ZG/ARMC6/mbed-os/targets/TARGET_STM/TARGET_STM32F7/serial_device.o
    0x08006fa8   0x00000010   Code   RO         8409    .text.uart6_irq     BUILD/NUCLEO_F746ZG/ARMC6/mbed-os/targets/TARGET_STM/TARGET_STM32F7/serial_device.o
    0x08006fb8   0x00000010   Code   RO         8411    .text.uart7_irq     BUILD/NUCLEO_F746ZG/ARMC6/mbed-os/targets/TARGET_STM/TARGET_STM32F7/serial_device.o
    0x08006fc8   0x00000010   Code   RO         8413    .text.uart8_irq     BUILD/NUCLEO_F746ZG/ARMC6/mbed-os/targets/TARGET_STM/TARGET_STM32F7/serial_device.o
    0x08006fd8   0x00000098   Code   RO         8459    .text.uart_irq      BUILD/NUCLEO_F746ZG/ARMC6/mbed-os/targets/TARGET_STM/TARGET_STM32F7/serial_device.o
    0x08007070   0x0000008c   Code   RO         1623    .text.update_present_time  BUILD/NUCLEO_F746ZG/ARMC6/mbed-os/hal/source/mbed_ticker_api.o
    0x080070fc   0x00000004   PAD
    0x08007100   0x00000012   Code   RO         9328    .text.us_ticker_clear_interrupt  BUILD/NUCLEO_F746ZG/ARMC6/mbed-os/targets/TARGET_STM/us_ticker.o
    0x08007112   0x00000006   PAD
    0x08007118   0x00000014   Code   RO         9326    .text.us_ticker_disable_interrupt  BUILD/NUCLEO_F746ZG/ARMC6/mbed-os/targets/TARGET_STM/us_ticker.o
    0x0800712c   0x00000004   PAD
    0x08007130   0x00000022   Code   RO         9322    .text.us_ticker_fire_interrupt  BUILD/NUCLEO_F746ZG/ARMC6/mbed-os/targets/TARGET_STM/us_ticker.o
    0x08007152   0x00000006   PAD
    0x08007158   0x0000000a   Code   RO         9306    .text.us_ticker_get_info  BUILD/NUCLEO_F746ZG/ARMC6/mbed-os/targets/TARGET_STM/us_ticker.o
    0x08007162   0x00000006   PAD
    0x08007168   0x0000001c   Code   RO         9316    .text.us_ticker_init  BUILD/NUCLEO_F746ZG/ARMC6/mbed-os/targets/TARGET_STM/us_ticker.o
    0x08007184   0x00000004   PAD
    0x08007188   0x0000001e   Code   RO         1667    .text.us_ticker_irq_handler  BUILD/NUCLEO_F746ZG/ARMC6/mbed-os/hal/source/mbed_us_ticker_api.o
    0x080071a6   0x00000002   PAD
    0x080071a8   0x0000000c   Code   RO         9318    .text.us_ticker_read  BUILD/NUCLEO_F746ZG/ARMC6/mbed-os/targets/TARGET_STM/us_ticker.o
    0x080071b4   0x00000004   PAD
    0x080071b8   0x0000001c   Code   RO         9320    .text.us_ticker_set_interrupt  BUILD/NUCLEO_F746ZG/ARMC6/mbed-os/targets/TARGET_STM/us_ticker.o
    0x080071d4   0x00000004   PAD
    0x080071d8   0x00000038   Code   RO         2653    .text.write         BUILD/NUCLEO_F746ZG/ARMC6/mbed-os/platform/source/mbed_retarget.o
    0x08007210   0x00000008   Code   RO         9500    i.__aeabi_errno_addr  c:\Users\nmeda\AppData\Local\Mbed Studio\mbed-studio-tools\ac6\bin\..\lib\armlib\mc_w.l(errno.o)
    0x08007218   0x00000050   Code   RO         9485    i.__free$memalign$2region  c:\Users\nmeda\AppData\Local\Mbed Studio\mbed-studio-tools\ac6\bin\..\lib\armlib\mc_w.l(malloca2.o)
    0x08007268   0x0000000e   Code   RO         9626    i.__scatterload_copy  c:\Users\nmeda\AppData\Local\Mbed Studio\mbed-studio-tools\ac6\bin\..\lib\armlib\mc_w.l(handlers.o)
    0x08007276   0x00000002   Code   RO         9627    i.__scatterload_null  c:\Users\nmeda\AppData\Local\Mbed Studio\mbed-studio-tools\ac6\bin\..\lib\armlib\mc_w.l(handlers.o)
    0x08007278   0x0000000e   Code   RO         9628    i.__scatterload_zeroinit  c:\Users\nmeda\AppData\Local\Mbed Studio\mbed-studio-tools\ac6\bin\..\lib\armlib\mc_w.l(handlers.o)
    0x08007286   0x00000018   Code   RO         9429    i._fflush$full      c:\Users\nmeda\AppData\Local\Mbed Studio\mbed-studio-tools\ac6\bin\..\lib\armlib\mc_w.l(fflush_f.o)
    0x0800729e   0x00000002   PAD
    0x080072a0   0x00000000   Data   RO         2845    .rodata             BUILD/NUCLEO_F746ZG/ARMC6/mbed-os/platform/source/mbed_sdk_boot.o
    0x080072a0   0x00000010   Data   RO         8251    .rodata.AHBPrescTable  BUILD/NUCLEO_F746ZG/ARMC6/mbed-os/targets/TARGET_STM/TARGET_STM32F7/STM32Cube_FW/system_stm32f7xx.o
    0x080072b0   0x00000008   Data   RO         8252    .rodata.APBPrescTable  BUILD/NUCLEO_F746ZG/ARMC6/mbed-os/targets/TARGET_STM/TARGET_STM32F7/STM32Cube_FW/system_stm32f7xx.o
    0x080072b8   0x000000a8   Data   RO         8268    .rodata.PinMap_UART_RX  BUILD/NUCLEO_F746ZG/ARMC6/mbed-os/targets/TARGET_STM/TARGET_STM32F7/TARGET_STM32F746xG/TARGET_NUCLEO_F746ZG/PeripheralPins.o
    0x08007360   0x000000a8   Data   RO         8267    .rodata.PinMap_UART_TX  BUILD/NUCLEO_F746ZG/ARMC6/mbed-os/targets/TARGET_STM/TARGET_STM32F7/TARGET_STM32F746xG/TARGET_NUCLEO_F746ZG/PeripheralPins.o
    0x08007408   0x00000050   Data   RO         1941    .rodata._ZTVN4mbed10FileHandleE  BUILD/NUCLEO_F746ZG/ARMC6/mbed-os/platform/source/FileHandle.o
    0x08007458   0x00000018   Data   RO         1116    .rodata._ZTVN4mbed10SerialBaseE  BUILD/NUCLEO_F746ZG/ARMC6/mbed-os/drivers/source/SerialBase.o
    0x08007470   0x0000000c   Data   RO         1289    .rodata._ZTVN4mbed10TimerEventE  BUILD/NUCLEO_F746ZG/ARMC6/mbed-os/drivers/source/TimerEvent.o
    0x0800747c   0x00000098   Data   RO          236    .rodata._ZTVN4mbed14BufferedSerialE  BUILD/NUCLEO_F746ZG/ARMC6/mbed-os/drivers/source/BufferedSerial.o
    0x08007514   0x0000000c   Data   RO         2213    .rodata._ZTVN4mbed8internal8SysTimerINSt3__15ratioILx1ELx1000EEELb1EEE  BUILD/NUCLEO_F746ZG/ARMC6/mbed-os/platform/source/SysTimer.o
    0x08007520   0x00000018   Data   RO         2764    .rodata._ZZL14do_serial_initvE14console_pinmap  BUILD/NUCLEO_F746ZG/ARMC6/mbed-os/platform/source/mbed_retarget.o
    0x08007538   0x00000040   Data   RO         9019    .rodata.ll_pin_defines  BUILD/NUCLEO_F746ZG/ARMC6/mbed-os/targets/TARGET_STM/pinmap.o
    0x08007578   0x00000008   Data   RO         1540    .rodata.lp_data     BUILD/NUCLEO_F746ZG/ARMC6/mbed-os/hal/source/mbed_lp_ticker_api.o
    0x08007580   0x00000024   Data   RO         1542    .rodata.lp_interface  BUILD/NUCLEO_F746ZG/ARMC6/mbed-os/hal/source/mbed_lp_ticker_api.o
    0x080075a4   0x00000008   Data   RO         8940    .rodata.lp_ticker_get_info.info  BUILD/NUCLEO_F746ZG/ARMC6/mbed-os/targets/TARGET_STM/lp_ticker.o
    0x080075ac   0x0000003b   Data   RO         1117    .rodata.str1.1      BUILD/NUCLEO_F746ZG/ARMC6/mbed-os/drivers/source/SerialBase.o
    0x080075e7   0x0000004e   Data   RO         2063    .rodata.str1.1      BUILD/NUCLEO_F746ZG/ARMC6/mbed-os/platform/source/SysTimer.o
    0x08007635   0x000000e0   Data   RO         2225    .rodata.str1.1      BUILD/NUCLEO_F746ZG/ARMC6/mbed-os/platform/source/TARGET_CORTEX_M/mbed_fault_handler.o
    0x08007715   0x0000013b   Data   RO         2459    .rodata.str1.1      BUILD/NUCLEO_F746ZG/ARMC6/mbed-os/platform/source/mbed_error.o
    0x08007850   0x000000b0   Data   RO         2759    .rodata.str1.1      BUILD/NUCLEO_F746ZG/ARMC6/mbed-os/platform/source/mbed_retarget.o
    0x08007900   0x0000002a   Data   RO         9166    .rodata.str1.1      BUILD/NUCLEO_F746ZG/ARMC6/mbed-os/targets/TARGET_STM/serial_api.o
    0x0800792a   0x00000002   PAD
    0x0800792c   0x00000008   Data   RO         1671    .rodata.us_data     BUILD/NUCLEO_F746ZG/ARMC6/mbed-os/hal/source/mbed_us_ticker_api.o
    0x08007934   0x00000024   Data   RO         1673    .rodata.us_interface  BUILD/NUCLEO_F746ZG/ARMC6/mbed-os/hal/source/mbed_us_ticker_api.o
    0x08007958   0x00000008   Data   RO         9336    .rodata.us_ticker_get_info.info  BUILD/NUCLEO_F746ZG/ARMC6/mbed-os/targets/TARGET_STM/us_ticker.o
    0x08007960   0x00000020   Data   RO         9625    Region$$Table       anon$$obj.o
    0x08007980   0x00000004   Data   RO           62    .init_array         BUILD/NUCLEO_F746ZG/ARMC6/main.o
    0x08007984   0x00000000   Data   RO         9514    .init_array         c:\Users\nmeda\AppData\Local\Mbed Studio\mbed-studio-tools\ac6\bin\..\lib\armlib\mc_w.l(cpp_init.o)


    Execution Region RW_m_crash_data (Base: 0x200001c8, Size: 0x00000100, Max: 0x00000100, ABSOLUTE)

    Base Addr    Size         Type   Attr      Idx    E Section Name        Object

    0x200001c8   0x00000100   Zero   RW            1    RW_m_crash_data.bss  anon$$obj.o


    Execution Region RW_IRAM1 (Base: 0x200002c8, Size: 0x00000c1c, Max: 0x0004ed38, ABSOLUTE)

    Base Addr    Size         Type   Attr      Idx    E Section Name        Object

    0x200002c8   0x00000004   Data   RW         9503    .data               c:\Users\nmeda\AppData\Local\Mbed Studio\mbed-studio-tools\ac6\bin\..\lib\armlib\mc_w.l(errno.o)
    0x200002cc   0x00000004   Data   RW         9574    .data               c:\Users\nmeda\AppData\Local\Mbed Studio\mbed-studio-tools\ac6\bin\..\lib\armlib\mc_w.l(mvars.o)
    0x200002d0   0x00000004   Data   RW         8250    .data.SystemCoreClock  BUILD/NUCLEO_F746ZG/ARMC6/mbed-os/targets/TARGET_STM/TARGET_STM32F7/STM32Cube_FW/system_stm32f7xx.o
    0x200002d4   0x00000004   Data   RW         1541    .data.irq_handler   BUILD/NUCLEO_F746ZG/ARMC6/mbed-os/hal/source/mbed_lp_ticker_api.o
    0x200002d8   0x00000004   Data   RW         1672    .data.irq_handler   BUILD/NUCLEO_F746ZG/ARMC6/mbed-os/hal/source/mbed_us_ticker_api.o
    0x200002dc   0x00000004   Data   RW         3880    .data.uwTickPrio    BUILD/NUCLEO_F746ZG/ARMC6/mbed-os/targets/TARGET_STM/TARGET_STM32F7/STM32Cube_FW/STM32F7xx_HAL_Driver/stm32f7xx_hal.o
    0x200002e0   0x00000014   Zero   RW         9447    .bss                c:\Users\nmeda\AppData\Local\Mbed Studio\mbed-studio-tools\ac6\bin\..\lib\armlib\mc_w.l(stdout_f.o)
    0x200002f4   0x00000014   Zero   RW         9448    .bss                c:\Users\nmeda\AppData\Local\Mbed Studio\mbed-studio-tools\ac6\bin\..\lib\armlib\mc_w.l(stderr_f.o)
    0x20000308   0x00000001   Zero   RW         8948    .bss.LPTICKER_inited  BUILD/NUCLEO_F746ZG/ARMC6/mbed-os/targets/TARGET_STM/lp_ticker.o
    0x20000309   0x00000003   PAD
    0x2000030c   0x00000030   Zero   RW         8949    .bss.LptimHandle    BUILD/NUCLEO_F746ZG/ARMC6/mbed-os/targets/TARGET_STM/lp_ticker.o
    0x2000033c   0x0000004c   Zero   RW         9337    .bss.TimMasterHandle  BUILD/NUCLEO_F746ZG/ARMC6/mbed-os/targets/TARGET_STM/us_ticker.o
    0x20000388   0x00000003   Zero   RW         2757    .bss._ZL14stdio_out_prev  BUILD/NUCLEO_F746ZG/ARMC6/mbed-os/platform/source/mbed_retarget.o
    0x2000038b   0x00000001   PAD
    0x2000038c   0x00000004   Zero   RW         1849    .bss._ZN10CThunkBase17_cthunk_free_realE  BUILD/NUCLEO_F746ZG/ARMC6/mbed-os/platform/source/CThunkBase.o
    0x20000390   0x00000048   Zero   RW         2555    .bss._ZN4mbed8internal12_GLOBAL__N_113os_timer_dataE  BUILD/NUCLEO_F746ZG/ARMC6/mbed-os/platform/source/mbed_os_timer.o
    0x200003d8   0x00000004   Zero   RW         2554    .bss._ZN4mbed8internal8os_timerE  BUILD/NUCLEO_F746ZG/ARMC6/mbed-os/platform/source/mbed_os_timer.o
    0x200003dc   0x00000004   Zero   RW         2763    .bss._ZZL19do_serial_init_oncevE4once  BUILD/NUCLEO_F746ZG/ARMC6/mbed-os/platform/source/mbed_retarget.o
    0x200003e0   0x00000100   Zero   RW           57    .bss.buf            BUILD/NUCLEO_F746ZG/ARMC6/main.o
    0x200004e0   0x00000004   Zero   RW           59    .bss.buf_count      BUILD/NUCLEO_F746ZG/ARMC6/main.o
    0x200004e4   0x00000008   Zero   RW         8690    .bss.can_irq_ids    BUILD/NUCLEO_F746ZG/ARMC6/mbed-os/targets/TARGET_STM/can_api.o
    0x200004ec   0x00000001   Zero   RW         1479    .bss.critical_interrupts_enabled  BUILD/NUCLEO_F746ZG/ARMC6/mbed-os/hal/source/mbed_critical_section_api.o
    0x200004ed   0x00000003   PAD
    0x200004f0   0x00000004   Zero   RW         2398    .bss.critical_section_reentrancy_counter  BUILD/NUCLEO_F746ZG/ARMC6/mbed-os/platform/source/mbed_critical.o
    0x200004f4   0x00000002   Zero   RW         2620    .bss.deep_sleep_lock  BUILD/NUCLEO_F746ZG/ARMC6/mbed-os/platform/source/mbed_power_mgmt.o
    0x200004f6   0x00000002   PAD
    0x200004f8   0x00000004   Zero   RW         2458    .bss.error_count    BUILD/NUCLEO_F746ZG/ARMC6/mbed-os/platform/source/mbed_error.o
    0x200004fc   0x00000004   Zero   RW         2460    .bss.error_hook     BUILD/NUCLEO_F746ZG/ARMC6/mbed-os/platform/source/mbed_error.o
    0x20000500   0x00000038   Zero   RW         1543    .bss.events         BUILD/NUCLEO_F746ZG/ARMC6/mbed-os/hal/source/mbed_lp_ticker_api.o
    0x20000538   0x00000038   Zero   RW         1674    .bss.events         BUILD/NUCLEO_F746ZG/ARMC6/mbed-os/hal/source/mbed_us_ticker_api.o
    0x20000570   0x00000040   Zero   RW         2457    .bss.first_error_ctx  BUILD/NUCLEO_F746ZG/ARMC6/mbed-os/platform/source/mbed_error.o
    0x200005b0   0x00000001   Zero   RW         8943    .bss.future_event_flag  BUILD/NUCLEO_F746ZG/ARMC6/mbed-os/targets/TARGET_STM/lp_ticker.o
    0x200005b1   0x00000001   Zero   RW         2461    .bss.halt_in_progress  BUILD/NUCLEO_F746ZG/ARMC6/mbed-os/platform/source/mbed_error.o
    0x200005b2   0x00000002   PAD
    0x200005b4   0x00000004   Zero   RW         8462    .bss.irq_handler    BUILD/NUCLEO_F746ZG/ARMC6/mbed-os/targets/TARGET_STM/TARGET_STM32F7/serial_device.o
    0x200005b8   0x00000004   Zero   RW         8689    .bss.irq_handler    BUILD/NUCLEO_F746ZG/ARMC6/mbed-os/targets/TARGET_STM/can_api.o
    0x200005bc   0x00000001   Zero   RW         2456    .bss.is_reboot_error_valid  BUILD/NUCLEO_F746ZG/ARMC6/mbed-os/platform/source/mbed_error.o
    0x200005bd   0x00000003   PAD
    0x200005c0   0x00000040   Zero   RW         2455    .bss.last_error_ctx  BUILD/NUCLEO_F746ZG/ARMC6/mbed-os/platform/source/mbed_error.o
    0x20000600   0x00000001   Zero   RW         8941    .bss.lp_Fired       BUILD/NUCLEO_F746ZG/ARMC6/mbed-os/targets/TARGET_STM/lp_ticker.o
    0x20000601   0x00000001   Zero   RW         8945    .bss.lp_cmpok       BUILD/NUCLEO_F746ZG/ARMC6/mbed-os/targets/TARGET_STM/lp_ticker.o
    0x20000602   0x00000002   PAD
    0x20000604   0x00000004   Zero   RW         8946    .bss.lp_delayed_counter  BUILD/NUCLEO_F746ZG/ARMC6/mbed-os/targets/TARGET_STM/lp_ticker.o
    0x20000608   0x00000001   Zero   RW         8942    .bss.lp_delayed_prog  BUILD/NUCLEO_F746ZG/ARMC6/mbed-os/targets/TARGET_STM/lp_ticker.o
    0x20000609   0x00000001   Zero   RW         2454    .bss.mbed_error_in_progress  BUILD/NUCLEO_F746ZG/ARMC6/mbed-os/platform/source/mbed_error.o
    0x2000060a   0x00000002   PAD
    0x2000060c   0x00000004   Zero   RW         2754    .bss.mbed_heap_size  BUILD/NUCLEO_F746ZG/ARMC6/mbed-os/platform/source/mbed_retarget.o
    0x20000610   0x00000004   Zero   RW         2753    .bss.mbed_heap_start  BUILD/NUCLEO_F746ZG/ARMC6/mbed-os/platform/source/mbed_retarget.o
    0x20000614   0x00000004   Zero   RW         8987    .bss.mbed_sdk_inited  BUILD/NUCLEO_F746ZG/ARMC6/mbed-os/targets/TARGET_STM/mbed_overrides.o
    0x20000618   0x00000004   Zero   RW         2844    .bss.mbed_stack_isr_size  BUILD/NUCLEO_F746ZG/ARMC6/mbed-os/platform/source/mbed_sdk_boot.o
    0x2000061c   0x00000004   Zero   RW         2843    .bss.mbed_stack_isr_start  BUILD/NUCLEO_F746ZG/ARMC6/mbed-os/platform/source/mbed_sdk_boot.o
    0x20000620   0x00000101   Zero   RW           60    .bss.message        BUILD/NUCLEO_F746ZG/ARMC6/main.o
    0x20000721   0x00000001   Zero   RW           61    .bss.new_message_received  BUILD/NUCLEO_F746ZG/ARMC6/main.o
    0x20000722   0x00000002   PAD
    0x20000724   0x0000031c   Zero   RW           56    .bss.pc             BUILD/NUCLEO_F746ZG/ARMC6/main.o
    0x20000a40   0x00000002   Zero   RW         8789    .bss.prev_tick_remainder  BUILD/NUCLEO_F746ZG/ARMC6/mbed-os/targets/TARGET_STM/hal_tick_overrides.o
    0x20000a42   0x00000002   PAD
    0x20000a44   0x00000004   Zero   RW         8788    .bss.prev_time      BUILD/NUCLEO_F746ZG/ARMC6/mbed-os/targets/TARGET_STM/hal_tick_overrides.o
    0x20000a48   0x00000001   Zero   RW         8944    .bss.roll_over_flag  BUILD/NUCLEO_F746ZG/ARMC6/mbed-os/targets/TARGET_STM/lp_ticker.o
    0x20000a49   0x00000003   PAD
    0x20000a4c   0x00000020   Zero   RW         8461    .bss.serial_irq_ids  BUILD/NUCLEO_F746ZG/ARMC6/mbed-os/targets/TARGET_STM/TARGET_STM32F7/serial_device.o
    0x20000a6c   0x00000001   Zero   RW         8947    .bss.sleep_manager_locked  BUILD/NUCLEO_F746ZG/ARMC6/mbed-os/targets/TARGET_STM/lp_ticker.o
    0x20000a6d   0x00000001   Zero   RW         1478    .bss.state_saved    BUILD/NUCLEO_F746ZG/ARMC6/mbed-os/hal/source/mbed_critical_section_api.o
    0x20000a6e   0x00000002   PAD
    0x20000a70   0x0000004c   Zero   RW         9165    .bss.stdio_uart     BUILD/NUCLEO_F746ZG/ARMC6/mbed-os/targets/TARGET_STM/serial_api.o
    0x20000abc   0x00000004   Zero   RW         9164    .bss.stdio_uart_inited  BUILD/NUCLEO_F746ZG/ARMC6/mbed-os/targets/TARGET_STM/serial_api.o
    0x20000ac0   0x00000004   Zero   RW         8790    .bss.total_ticks    BUILD/NUCLEO_F746ZG/ARMC6/mbed-os/targets/TARGET_STM/hal_tick_overrides.o
    0x20000ac4   0x00000420   Zero   RW         8463    .bss.uart_handlers  BUILD/NUCLEO_F746ZG/ARMC6/mbed-os/targets/TARGET_STM/TARGET_STM32F7/serial_device.o


    Execution Region ARM_LIB_HEAP (Base: 0x20000ef0, Size: 0x0004e110, Max: 0x0004e110, ABSOLUTE)

    Base Addr    Size         Type   Attr      Idx    E Section Name        Object

    0x20000ef0   0x0004e110   Zero   RW            2    ARM_LIB_HEAP.bss    anon$$obj.o


    Execution Region ARM_LIB_STACK (Base: 0x2004f000, Size: 0x00001000, Max: 0x00001000, ABSOLUTE)

    Base Addr    Size         Type   Attr      Idx    E Section Name        Object

    0x2004f000   0x00001000   Zero   RW            3    ARM_LIB_STACK.bss   anon$$obj.o


==============================================================================

Image component sizes


      Code (inc. data)   RO Data    RW Data    ZI Data      Debug   

     28222       2228       2220         16     327148    1248771   Object Totals
         0          0         32          0     324112          0   (incl. Generated)
      1232         52          2          0         27          0   (incl. Padding)
       666         80          0          8         40       1232   Library Totals
        14          4          0          0          0          0   (incl. Padding)

==============================================================================


      Code (inc. data)   RO Data    RW Data    ZI Data      Debug   

     28888       2308       2220         24     327188    1248367   Grand Totals
     28888       2308       2220         24     327188    1248367   ELF Image Totals
     28888       2308       2220         24          0          0   ROM Totals

==============================================================================

    Total RO  Size (Code + RO Data)                31108 (  30.38kB)
    Total RW  Size (RW Data + ZI Data)            327212 ( 319.54kB)
    Total ROM Size (Code + RO Data + RW Data)      31132 (  30.40kB)

==============================================================================

